stm32f7508_discovery_lcd.c:1564:13:LL_FillBuffer	32	static
stm32f7508_discovery_lcd.c:231:10:BSP_LCD_GetXSize	0	static
stm32f7508_discovery_lcd.c:240:10:BSP_LCD_GetYSize	0	static
stm32f7508_discovery_lcd.c:250:6:BSP_LCD_SetXSize	0	static
stm32f7508_discovery_lcd.c:260:6:BSP_LCD_SetYSize	0	static
stm32f7508_discovery_lcd.c:271:6:BSP_LCD_LayerDefaultInit	72	static
stm32f7508_discovery_lcd.c:305:6:BSP_LCD_LayerRgb565Init	72	static
stm32f7508_discovery_lcd.c:338:6:BSP_LCD_SelectLayer	0	static
stm32f7508_discovery_lcd.c:352:6:BSP_LCD_SetLayerVisible	0	static
stm32f7508_discovery_lcd.c:374:6:BSP_LCD_SetLayerVisible_NoReload	0	static
stm32f7508_discovery_lcd.c:394:6:BSP_LCD_SetTransparency	0	static
stm32f7508_discovery_lcd.c:406:6:BSP_LCD_SetTransparency_NoReload	0	static
stm32f7508_discovery_lcd.c:417:6:BSP_LCD_SetLayerAddress	0	static
stm32f7508_discovery_lcd.c:428:6:BSP_LCD_SetLayerAddress_NoReload	0	static
stm32f7508_discovery_lcd.c:442:6:BSP_LCD_SetLayerWindow	24	static
stm32f7508_discovery_lcd.c:460:6:BSP_LCD_SetLayerWindow_NoReload	24	static
stm32f7508_discovery_lcd.c:475:6:BSP_LCD_SetColorKeying	16	static
stm32f7508_discovery_lcd.c:488:6:BSP_LCD_SetColorKeying_NoReload	16	static
stm32f7508_discovery_lcd.c:500:6:BSP_LCD_ResetColorKeying	0	static
stm32f7508_discovery_lcd.c:511:6:BSP_LCD_ResetColorKeying_NoReload	0	static
stm32f7508_discovery_lcd.c:524:6:BSP_LCD_Reload	0	static
stm32f7508_discovery_lcd.c:534:6:BSP_LCD_SetTextColor	0	static
stm32f7508_discovery_lcd.c:543:10:BSP_LCD_GetTextColor	0	static
stm32f7508_discovery_lcd.c:553:6:BSP_LCD_SetBackColor	0	static
stm32f7508_discovery_lcd.c:562:10:BSP_LCD_GetBackColor	0	static
stm32f7508_discovery_lcd.c:572:6:BSP_LCD_SetFont	0	static
stm32f7508_discovery_lcd.c:581:8:BSP_LCD_GetFont	0	static
stm32f7508_discovery_lcd.c:592:10:BSP_LCD_ReadPixel	12	static
stm32f7508_discovery_lcd.c:627:6:BSP_LCD_Clear	16	static
stm32f7508_discovery_lcd.c:749:6:BSP_LCD_DrawHLine	24	static
stm32f7508_discovery_lcd.c:774:6:BSP_LCD_DrawVLine	24	static
stm32f7508_discovery_lcd.c:875:6:BSP_LCD_DrawRect	24	static
stm32f7508_discovery_lcd.c:1001:6:BSP_LCD_DrawPixel	12	static
stm32f7508_discovery_lcd.c:658:6:BSP_LCD_DisplayChar	56	static
stm32f7508_discovery_lcd.c:676:6:BSP_LCD_DisplayStringAt	32	static
stm32f7508_discovery_lcd.c:737:6:BSP_LCD_DisplayStringAtLine	4	static
stm32f7508_discovery_lcd.c:800:6:BSP_LCD_DrawLine	56	static
stm32f7508_discovery_lcd.c:940:6:BSP_LCD_DrawPolygon	16	static
stm32f7508_discovery_lcd.c:1486:13:FillTriangle	64	static
stm32f7508_discovery_lcd.c:893:6:BSP_LCD_DrawCircle	64	static
stm32f7508_discovery_lcd.c:968:6:BSP_LCD_DrawEllipse	56	static
stm32f7508_discovery_lcd.c:1021:6:BSP_LCD_DrawBitmap	56	static
stm32f7508_discovery_lcd.c:1079:6:BSP_LCD_FillRect	32	static
stm32f7508_discovery_lcd.c:638:6:BSP_LCD_ClearStringLine	24	static
stm32f7508_discovery_lcd.c:1106:6:BSP_LCD_FillCircle	48	static
stm32f7508_discovery_lcd.c:1154:6:BSP_LCD_FillPolygon	72	static
stm32f7508_discovery_lcd.c:1222:6:BSP_LCD_FillEllipse	56	static
stm32f7508_discovery_lcd.c:1252:6:BSP_LCD_DisplayOn	8	static
stm32f7508_discovery_lcd.c:1264:6:BSP_LCD_DisplayOff	8	static
stm32f7508_discovery_lcd.c:1278:13:BSP_LCD_MspInit	80	static
stm32f7508_discovery_lcd.c:1350:13:BSP_LCD_MspDeInit	8	static
stm32f7508_discovery_lcd.c:210:9:BSP_LCD_DeInit	8	static
stm32f7508_discovery_lcd.c:1399:13:BSP_LCD_ClockConfig	0	static
stm32f7508_discovery_lcd.c:148:9:BSP_LCD_Init	8	static
