stm32f7508_discovery_camera.c:215:6:BSP_CAMERA_ContinuousStart	0	static
stm32f7508_discovery_camera.c:226:6:BSP_CAMERA_SnapshotStart	0	static
stm32f7508_discovery_camera.c:236:6:BSP_CAMERA_Suspend	0	static
stm32f7508_discovery_camera.c:246:6:BSP_CAMERA_Resume	0	static
stm32f7508_discovery_camera.c:275:6:BSP_CAMERA_PwrUp	48	static
stm32f7508_discovery_camera.c:300:6:BSP_CAMERA_PwrDown	40	static
stm32f7508_discovery_camera.c:256:9:BSP_CAMERA_Stop	8	static
stm32f7508_discovery_camera.c:337:6:BSP_CAMERA_ContrastBrightnessConfig	4	static
stm32f7508_discovery_camera.c:355:6:BSP_CAMERA_BlackWhiteConfig	4	static
stm32f7508_discovery_camera.c:373:6:BSP_CAMERA_ColorEffectConfig	4	static
stm32f7508_discovery_camera.c:428:13:BSP_CAMERA_MspInit	72	static
stm32f7508_discovery_camera.c:132:9:BSP_CAMERA_Init	32	static
stm32f7508_discovery_camera.c:525:13:BSP_CAMERA_MspDeInit	8	static
stm32f7508_discovery_camera.c:201:9:BSP_CAMERA_DeInit	8	static
stm32f7508_discovery_camera.c:557:13:BSP_CAMERA_LineEventCallback	0	static
stm32f7508_discovery_camera.c:548:6:HAL_DCMI_LineEventCallback	8	static
stm32f7508_discovery_camera.c:578:13:BSP_CAMERA_VsyncEventCallback	0	static
stm32f7508_discovery_camera.c:569:6:HAL_DCMI_VsyncEventCallback	8	static
stm32f7508_discovery_camera.c:599:13:BSP_CAMERA_FrameEventCallback	0	static
stm32f7508_discovery_camera.c:590:6:HAL_DCMI_FrameEventCallback	8	static
stm32f7508_discovery_camera.c:620:13:BSP_CAMERA_ErrorCallback	0	static
stm32f7508_discovery_camera.c:611:6:HAL_DCMI_ErrorCallback	8	static
