stm32f7508_discovery.c:537:13:I2Cx_Init	56	static
stm32f7508_discovery.c:575:26:I2Cx_ReadMultiple	32	static
stm32f7508_discovery.c:605:26:I2Cx_WriteMultiple	32	static
stm32f7508_discovery.c:162:10:BSP_GetVersion	0	static
stm32f7508_discovery.c:174:6:BSP_LED_Init	40	static
stm32f7508_discovery.c:206:6:BSP_LED_DeInit	8	static
stm32f7508_discovery.c:229:6:BSP_LED_On	0	static
stm32f7508_discovery.c:247:6:BSP_LED_Off	0	static
stm32f7508_discovery.c:265:6:BSP_LED_Toggle	0	static
stm32f7508_discovery.c:293:6:BSP_PB_Init	40	static
stm32f7508_discovery.c:347:6:BSP_PB_DeInit	16	static
stm32f7508_discovery.c:369:10:BSP_PB_GetState	8	static
stm32f7508_discovery.c:384:6:BSP_COM_Init	56	static
stm32f7508_discovery.c:424:6:BSP_COM_DeInit	8	static
stm32f7508_discovery.c:672:6:AUDIO_IO_DeInit	0	static
stm32f7508_discovery.c:683:6:AUDIO_IO_Write	24	static
stm32f7508_discovery.c:700:10:AUDIO_IO_Read	24	static
stm32f7508_discovery.c:720:6:AUDIO_IO_Delay	0	static
stm32f7508_discovery.c:743:6:CAMERA_IO_Write	24	static
stm32f7508_discovery.c:754:9:CAMERA_IO_Read	24	static
stm32f7508_discovery.c:768:6:CAMERA_Delay	0	static
stm32f7508_discovery.c:779:6:EEPROM_IO_Init	0	static
stm32f7508_discovery.c:731:6:CAMERA_IO_Init	0	static
stm32f7508_discovery.c:792:19:EEPROM_IO_WriteData	16	static
stm32f7508_discovery.c:805:19:EEPROM_IO_ReadData	16	static
stm32f7508_discovery.c:817:19:EEPROM_IO_IsDeviceReady	0	static
stm32f7508_discovery.c:828:6:TS_IO_Init	0	static
stm32f7508_discovery.c:663:6:AUDIO_IO_Init	0	static
stm32f7508_discovery.c:840:6:TS_IO_Write	24	static
stm32f7508_discovery.c:851:9:TS_IO_Read	24	static
stm32f7508_discovery.c:865:6:TS_IO_Delay	0	static
