stm32f7508_discovery_sd.c:205:9:BSP_SD_ITConfig	32	static
stm32f7508_discovery_sd.c:227:9:BSP_SD_IsDetected	16	static
stm32f7508_discovery_sd.c:248:9:BSP_SD_ReadBlocks	16	static
stm32f7508_discovery_sd.c:268:9:BSP_SD_WriteBlocks	16	static
stm32f7508_discovery_sd.c:287:9:BSP_SD_ReadBlocks_DMA	8	static
stm32f7508_discovery_sd.c:307:9:BSP_SD_WriteBlocks_DMA	8	static
stm32f7508_discovery_sd.c:326:9:BSP_SD_Erase	8	static
stm32f7508_discovery_sd.c:344:13:BSP_SD_MspInit	96	static
stm32f7508_discovery_sd.c:443:13:BSP_SD_Detect_MspInit	32	static
stm32f7508_discovery_sd.c:131:9:BSP_SD_Init	16	static
stm32f7508_discovery_sd.c:463:13:BSP_SD_MspDeInit	8	static
stm32f7508_discovery_sd.c:182:9:BSP_SD_DeInit	16	static
stm32f7508_discovery_sd.c:500:9:BSP_SD_GetCardState	8	static
stm32f7508_discovery_sd.c:511:6:BSP_SD_GetCardInfo	0	static
stm32f7508_discovery_sd.c:551:13:BSP_SD_AbortCallback	0	static
stm32f7508_discovery_sd.c:522:6:HAL_SD_AbortCallback	8	static
stm32f7508_discovery_sd.c:560:13:BSP_SD_WriteCpltCallback	0	static
stm32f7508_discovery_sd.c:532:6:HAL_SD_TxCpltCallback	8	static
stm32f7508_discovery_sd.c:569:13:BSP_SD_ReadCpltCallback	0	static
stm32f7508_discovery_sd.c:542:6:HAL_SD_RxCpltCallback	8	static
