Archive member included to satisfy reference by file (symbol)

c:/program files (x86)/atollic/truestudio for stm32 9.3.0/armtools/bin/../lib/gcc/arm-atollic-eabi/6.3.1/../../../../arm-atollic-eabi/lib/armv7e-m/fpu/fpv5-sp-d16\libc_nano.a(lib_a-errno.o)
                              Core\Src\syscalls.o (__errno)
c:/program files (x86)/atollic/truestudio for stm32 9.3.0/armtools/bin/../lib/gcc/arm-atollic-eabi/6.3.1/../../../../arm-atollic-eabi/lib/armv7e-m/fpu/fpv5-sp-d16\libc_nano.a(lib_a-impure.o)
                              c:/program files (x86)/atollic/truestudio for stm32 9.3.0/armtools/bin/../lib/gcc/arm-atollic-eabi/6.3.1/../../../../arm-atollic-eabi/lib/armv7e-m/fpu/fpv5-sp-d16\libc_nano.a(lib_a-errno.o) (_impure_ptr)
c:/program files (x86)/atollic/truestudio for stm32 9.3.0/armtools/bin/../lib/gcc/arm-atollic-eabi/6.3.1/../../../../arm-atollic-eabi/lib/armv7e-m/fpu/fpv5-sp-d16\libc_nano.a(lib_a-init.o)
                              startup\startup_stm32f750xx.o (__libc_init_array)
c:/program files (x86)/atollic/truestudio for stm32 9.3.0/armtools/bin/../lib/gcc/arm-atollic-eabi/6.3.1/../../../../arm-atollic-eabi/lib/armv7e-m/fpu/fpv5-sp-d16\libc_nano.a(lib_a-malloc.o)
                              Middlewares\ST\STM32_USB_Host_Library\Class\CDC\Src\usbh_cdc.o (malloc)
c:/program files (x86)/atollic/truestudio for stm32 9.3.0/armtools/bin/../lib/gcc/arm-atollic-eabi/6.3.1/../../../../arm-atollic-eabi/lib/armv7e-m/fpu/fpv5-sp-d16\libc_nano.a(lib_a-memcpy-stub.o)
                              FATFS\Target\sd_diskio.o (memcpy)
c:/program files (x86)/atollic/truestudio for stm32 9.3.0/armtools/bin/../lib/gcc/arm-atollic-eabi/6.3.1/../../../../arm-atollic-eabi/lib/armv7e-m/fpu/fpv5-sp-d16\libc_nano.a(lib_a-memset.o)
                              Core\Src\adc.o (memset)
c:/program files (x86)/atollic/truestudio for stm32 9.3.0/armtools/bin/../lib/gcc/arm-atollic-eabi/6.3.1/../../../../arm-atollic-eabi/lib/armv7e-m/fpu/fpv5-sp-d16\libc_nano.a(lib_a-nano-freer.o)
                              c:/program files (x86)/atollic/truestudio for stm32 9.3.0/armtools/bin/../lib/gcc/arm-atollic-eabi/6.3.1/../../../../arm-atollic-eabi/lib/armv7e-m/fpu/fpv5-sp-d16\libc_nano.a(lib_a-malloc.o) (_free_r)
c:/program files (x86)/atollic/truestudio for stm32 9.3.0/armtools/bin/../lib/gcc/arm-atollic-eabi/6.3.1/../../../../arm-atollic-eabi/lib/armv7e-m/fpu/fpv5-sp-d16\libc_nano.a(lib_a-nano-mallocr.o)
                              c:/program files (x86)/atollic/truestudio for stm32 9.3.0/armtools/bin/../lib/gcc/arm-atollic-eabi/6.3.1/../../../../arm-atollic-eabi/lib/armv7e-m/fpu/fpv5-sp-d16\libc_nano.a(lib_a-malloc.o) (_malloc_r)
c:/program files (x86)/atollic/truestudio for stm32 9.3.0/armtools/bin/../lib/gcc/arm-atollic-eabi/6.3.1/../../../../arm-atollic-eabi/lib/armv7e-m/fpu/fpv5-sp-d16\libc_nano.a(lib_a-sbrkr.o)
                              c:/program files (x86)/atollic/truestudio for stm32 9.3.0/armtools/bin/../lib/gcc/arm-atollic-eabi/6.3.1/../../../../arm-atollic-eabi/lib/armv7e-m/fpu/fpv5-sp-d16\libc_nano.a(lib_a-nano-mallocr.o) (_sbrk_r)
c:/program files (x86)/atollic/truestudio for stm32 9.3.0/armtools/bin/../lib/gcc/arm-atollic-eabi/6.3.1/../../../../arm-atollic-eabi/lib/armv7e-m/fpu/fpv5-sp-d16\libc_nano.a(lib_a-mlock.o)
                              c:/program files (x86)/atollic/truestudio for stm32 9.3.0/armtools/bin/../lib/gcc/arm-atollic-eabi/6.3.1/../../../../arm-atollic-eabi/lib/armv7e-m/fpu/fpv5-sp-d16\libc_nano.a(lib_a-nano-freer.o) (__malloc_lock)
c:/program files (x86)/atollic/truestudio for stm32 9.3.0/armtools/bin/../lib/gcc/arm-atollic-eabi/6.3.1/../../../../arm-atollic-eabi/lib/armv7e-m/fpu/fpv5-sp-d16\libc_nano.a(lib_a-reent.o)
                              c:/program files (x86)/atollic/truestudio for stm32 9.3.0/armtools/bin/../lib/gcc/arm-atollic-eabi/6.3.1/../../../../arm-atollic-eabi/lib/armv7e-m/fpu/fpv5-sp-d16\libc_nano.a(lib_a-sbrkr.o) (errno)
c:/program files (x86)/atollic/truestudio for stm32 9.3.0/armtools/bin/../lib/gcc/arm-atollic-eabi/6.3.1/armv7e-m/fpu/fpv5-sp-d16\libgcc.a(_aeabi_uldivmod.o)
                              Drivers\STM32F7xx_HAL_Driver\Src\stm32f7xx_hal_rcc.o (__aeabi_uldivmod)
c:/program files (x86)/atollic/truestudio for stm32 9.3.0/armtools/bin/../lib/gcc/arm-atollic-eabi/6.3.1/armv7e-m/fpu/fpv5-sp-d16\libgcc.a(_udivmoddi4.o)
                              c:/program files (x86)/atollic/truestudio for stm32 9.3.0/armtools/bin/../lib/gcc/arm-atollic-eabi/6.3.1/armv7e-m/fpu/fpv5-sp-d16\libgcc.a(_aeabi_uldivmod.o) (__udivmoddi4)
c:/program files (x86)/atollic/truestudio for stm32 9.3.0/armtools/bin/../lib/gcc/arm-atollic-eabi/6.3.1/armv7e-m/fpu/fpv5-sp-d16\libgcc.a(_dvmd_tls.o)
                              c:/program files (x86)/atollic/truestudio for stm32 9.3.0/armtools/bin/../lib/gcc/arm-atollic-eabi/6.3.1/armv7e-m/fpu/fpv5-sp-d16\libgcc.a(_aeabi_uldivmod.o) (__aeabi_ldiv0)

Allocating common symbols
Common symbol       size              file

[...]
Memory Configuration

Name             Origin             Length             Attributes
RAM              0x20000000         0x00050000         xrw
FLASH            0x08000000         0x00010000         xr
*default*        0x00000000         0xffffffff

Linker script and memory map

LOAD c:/program files (x86)/atollic/truestudio for stm32 9.3.0/armtools/bin/../lib/gcc/arm-atollic-eabi/6.3.1/armv7e-m/fpu/fpv5-sp-d16/crti.o
LOAD c:/program files (x86)/atollic/truestudio for stm32 9.3.0/armtools/bin/../lib/gcc/arm-atollic-eabi/6.3.1/armv7e-m/fpu/fpv5-sp-d16/crtbegin.o
LOAD Core\Src\adc.o
LOAD Core\Src\crc.o
LOAD Core\Src\dcmi.o
LOAD Core\Src\dma2d.o
LOAD Core\Src\eth.o
LOAD Core\Src\fmc.o
LOAD Core\Src\freertos.o
LOAD Core\Src\gpio.o
LOAD Core\Src\i2c.o
LOAD Core\Src\ltdc.o
LOAD Core\Src\main.o
LOAD Core\Src\quadspi.o
LOAD Core\Src\rtc.o
LOAD Core\Src\sai.o
LOAD Core\Src\sdmmc.o
LOAD Core\Src\spdifrx.o
LOAD Core\Src\spi.o
LOAD Core\Src\stm32f7xx_hal_msp.o
LOAD Core\Src\stm32f7xx_hal_timebase_tim.o
LOAD Core\Src\stm32f7xx_it.o
LOAD Core\Src\syscalls.o
LOAD Core\Src\system_stm32f7xx.o
LOAD Core\Src\tim.o
LOAD Core\Src\usart.o
LOAD Drivers\BSP\Components\adv7533\adv7533.o
LOAD Drivers\BSP\Components\exc7200\exc7200.o
LOAD Drivers\BSP\Components\ft5336\ft5336.o
LOAD Drivers\BSP\Components\ft6x06\ft6x06.o
LOAD Drivers\BSP\Components\mfxstm32l152\mfxstm32l152.o
LOAD Drivers\BSP\Components\otm8009a\otm8009a.o
LOAD Drivers\BSP\Components\ov9655\ov9655.o
LOAD Drivers\BSP\Components\s5k5cag\s5k5cag.o
LOAD Drivers\BSP\Components\st7735\st7735.o
LOAD Drivers\BSP\Components\st7789h2\st7789h2.o
LOAD Drivers\BSP\Components\stmpe811\stmpe811.o
LOAD Drivers\BSP\Components\ts3510\ts3510.o
LOAD Drivers\BSP\Components\wm8994\wm8994.o
LOAD Drivers\BSP\STM32F7508-Discovery\stm32f7508_discovery.o
LOAD Drivers\BSP\STM32F7508-Discovery\stm32f7508_discovery_audio.o
LOAD Drivers\BSP\STM32F7508-Discovery\stm32f7508_discovery_camera.o
LOAD Drivers\BSP\STM32F7508-Discovery\stm32f7508_discovery_eeprom.o
LOAD Drivers\BSP\STM32F7508-Discovery\stm32f7508_discovery_lcd.o
LOAD Drivers\BSP\STM32F7508-Discovery\stm32f7508_discovery_qspi.o
LOAD Drivers\BSP\STM32F7508-Discovery\stm32f7508_discovery_sdram.o
LOAD Drivers\BSP\STM32F7508-Discovery\stm32f7508_discovery_ts.o
LOAD Drivers\STM32F7xx_HAL_Driver\Src\stm32f7xx_hal.o
LOAD Drivers\STM32F7xx_HAL_Driver\Src\stm32f7xx_hal_adc.o
LOAD Drivers\STM32F7xx_HAL_Driver\Src\stm32f7xx_hal_adc_ex.o
LOAD Drivers\STM32F7xx_HAL_Driver\Src\stm32f7xx_hal_cortex.o
LOAD Drivers\STM32F7xx_HAL_Driver\Src\stm32f7xx_hal_crc.o
LOAD Drivers\STM32F7xx_HAL_Driver\Src\stm32f7xx_hal_crc_ex.o
LOAD Drivers\STM32F7xx_HAL_Driver\Src\stm32f7xx_hal_dcmi.o
LOAD Drivers\STM32F7xx_HAL_Driver\Src\stm32f7xx_hal_dcmi_ex.o
LOAD Drivers\STM32F7xx_HAL_Driver\Src\stm32f7xx_hal_dma.o
LOAD Drivers\STM32F7xx_HAL_Driver\Src\stm32f7xx_hal_dma2d.o
LOAD Drivers\STM32F7xx_HAL_Driver\Src\stm32f7xx_hal_dma_ex.o
LOAD Drivers\STM32F7xx_HAL_Driver\Src\stm32f7xx_hal_dsi.o
LOAD Drivers\STM32F7xx_HAL_Driver\Src\stm32f7xx_hal_eth.o
LOAD Drivers\STM32F7xx_HAL_Driver\Src\stm32f7xx_hal_exti.o
LOAD Drivers\STM32F7xx_HAL_Driver\Src\stm32f7xx_hal_flash.o
LOAD Drivers\STM32F7xx_HAL_Driver\Src\stm32f7xx_hal_flash_ex.o
LOAD Drivers\STM32F7xx_HAL_Driver\Src\stm32f7xx_hal_gpio.o
LOAD Drivers\STM32F7xx_HAL_Driver\Src\stm32f7xx_hal_hcd.o
LOAD Drivers\STM32F7xx_HAL_Driver\Src\stm32f7xx_hal_i2c.o
LOAD Drivers\STM32F7xx_HAL_Driver\Src\stm32f7xx_hal_i2c_ex.o
LOAD Drivers\STM32F7xx_HAL_Driver\Src\stm32f7xx_hal_ltdc.o
LOAD Drivers\STM32F7xx_HAL_Driver\Src\stm32f7xx_hal_ltdc_ex.o
LOAD Drivers\STM32F7xx_HAL_Driver\Src\stm32f7xx_hal_pwr.o
LOAD Drivers\STM32F7xx_HAL_Driver\Src\stm32f7xx_hal_pwr_ex.o
LOAD Drivers\STM32F7xx_HAL_Driver\Src\stm32f7xx_hal_qspi.o
LOAD Drivers\STM32F7xx_HAL_Driver\Src\stm32f7xx_hal_rcc.o
LOAD Drivers\STM32F7xx_HAL_Driver\Src\stm32f7xx_hal_rcc_ex.o
LOAD Drivers\STM32F7xx_HAL_Driver\Src\stm32f7xx_hal_rtc.o
LOAD Drivers\STM32F7xx_HAL_Driver\Src\stm32f7xx_hal_rtc_ex.o
LOAD Drivers\STM32F7xx_HAL_Driver\Src\stm32f7xx_hal_sai.o
LOAD Drivers\STM32F7xx_HAL_Driver\Src\stm32f7xx_hal_sai_ex.o
LOAD Drivers\STM32F7xx_HAL_Driver\Src\stm32f7xx_hal_sd.o
LOAD Drivers\STM32F7xx_HAL_Driver\Src\stm32f7xx_hal_sdram.o
LOAD Drivers\STM32F7xx_HAL_Driver\Src\stm32f7xx_hal_spdifrx.o
LOAD Drivers\STM32F7xx_HAL_Driver\Src\stm32f7xx_hal_spi.o
LOAD Drivers\STM32F7xx_HAL_Driver\Src\stm32f7xx_hal_spi_ex.o
LOAD Drivers\STM32F7xx_HAL_Driver\Src\stm32f7xx_hal_tim.o
LOAD Drivers\STM32F7xx_HAL_Driver\Src\stm32f7xx_hal_tim_ex.o
LOAD Drivers\STM32F7xx_HAL_Driver\Src\stm32f7xx_hal_uart.o
LOAD Drivers\STM32F7xx_HAL_Driver\Src\stm32f7xx_hal_uart_ex.o
LOAD Drivers\STM32F7xx_HAL_Driver\Src\stm32f7xx_ll_fmc.o
LOAD Drivers\STM32F7xx_HAL_Driver\Src\stm32f7xx_ll_sdmmc.o
LOAD Drivers\STM32F7xx_HAL_Driver\Src\stm32f7xx_ll_usb.o
LOAD FATFS\App\fatfs.o
LOAD FATFS\Target\bsp_driver_sd.o
LOAD FATFS\Target\fatfs_platform.o
LOAD FATFS\Target\sd_diskio.o
LOAD Middlewares\ST\STM32_USB_Host_Library\Class\CDC\Src\usbh_cdc.o
LOAD Middlewares\ST\STM32_USB_Host_Library\Core\Src\usbh_core.o
LOAD Middlewares\ST\STM32_USB_Host_Library\Core\Src\usbh_ctlreq.o
LOAD Middlewares\ST\STM32_USB_Host_Library\Core\Src\usbh_ioreq.o
LOAD Middlewares\ST\STM32_USB_Host_Library\Core\Src\usbh_pipes.o
LOAD Middlewares\Third_Party\FatFs\src\diskio.o
LOAD Middlewares\Third_Party\FatFs\src\ff.o
LOAD Middlewares\Third_Party\FatFs\src\ff_gen_drv.o
LOAD Middlewares\Third_Party\FatFs\src\option\syscall.o
LOAD Middlewares\Third_Party\FreeRTOS\Source\CMSIS_RTOS\cmsis_os.o
LOAD Middlewares\Third_Party\FreeRTOS\Source\croutine.o
LOAD Middlewares\Third_Party\FreeRTOS\Source\event_groups.o
LOAD Middlewares\Third_Party\FreeRTOS\Source\list.o
LOAD Middlewares\Third_Party\FreeRTOS\Source\portable\GCC\ARM_CM7\r0p1\port.o
LOAD Middlewares\Third_Party\FreeRTOS\Source\portable\MemMang\heap_4.o
LOAD Middlewares\Third_Party\FreeRTOS\Source\queue.o
LOAD Middlewares\Third_Party\FreeRTOS\Source\stream_buffer.o
LOAD Middlewares\Third_Party\FreeRTOS\Source\tasks.o
LOAD Middlewares\Third_Party\FreeRTOS\Source\timers.o
LOAD USB_HOST\App\usb_host.o
LOAD USB_HOST\Target\usbh_conf.o
LOAD USB_HOST\Target\usbh_platform.o
LOAD startup\startup_stm32f750xx.o
                0x00000080                malloc_getpagesize_P = 0x80
START GROUP
LOAD c:/program files (x86)/atollic/truestudio for stm32 9.3.0/armtools/bin/../lib/gcc/arm-atollic-eabi/6.3.1/../../../../arm-atollic-eabi/lib/armv7e-m/fpu/fpv5-sp-d16\libc_nano.a
LOAD c:/program files (x86)/atollic/truestudio for stm32 9.3.0/armtools/bin/../lib/gcc/arm-atollic-eabi/6.3.1/../../../../arm-atollic-eabi/lib/armv7e-m/fpu/fpv5-sp-d16\libm.a
END GROUP
START GROUP
LOAD c:/program files (x86)/atollic/truestudio for stm32 9.3.0/armtools/bin/../lib/gcc/arm-atollic-eabi/6.3.1/armv7e-m/fpu/fpv5-sp-d16\libgcc.a
LOAD c:/program files (x86)/atollic/truestudio for stm32 9.3.0/armtools/bin/../lib/gcc/arm-atollic-eabi/6.3.1/../../../../arm-atollic-eabi/lib/armv7e-m/fpu/fpv5-sp-d16\libc_nano.a
END GROUP
START GROUP
LOAD c:/program files (x86)/atollic/truestudio for stm32 9.3.0/armtools/bin/../lib/gcc/arm-atollic-eabi/6.3.1/armv7e-m/fpu/fpv5-sp-d16\libgcc.a
LOAD c:/program files (x86)/atollic/truestudio for stm32 9.3.0/armtools/bin/../lib/gcc/arm-atollic-eabi/6.3.1/../../../../arm-atollic-eabi/lib/armv7e-m/fpu/fpv5-sp-d16\libc_nano.a
LOAD c:/program files (x86)/atollic/truestudio for stm32 9.3.0/armtools/bin/../lib/gcc/arm-atollic-eabi/6.3.1/../../../../arm-atollic-eabi/lib/armv7e-m/fpu/fpv5-sp-d16\libnosys.a
END GROUP
START GROUP
LOAD c:/program files (x86)/atollic/truestudio for stm32 9.3.0/armtools/bin/../lib/gcc/arm-atollic-eabi/6.3.1/armv7e-m/fpu/fpv5-sp-d16\libgcc.a
LOAD c:/program files (x86)/atollic/truestudio for stm32 9.3.0/armtools/bin/../lib/gcc/arm-atollic-eabi/6.3.1/../../../../arm-atollic-eabi/lib/armv7e-m/fpu/fpv5-sp-d16\libc_nano.a
LOAD c:/program files (x86)/atollic/truestudio for stm32 9.3.0/armtools/bin/../lib/gcc/arm-atollic-eabi/6.3.1/../../../../arm-atollic-eabi/lib/armv7e-m/fpu/fpv5-sp-d16\libnosys.a
END GROUP
LOAD c:/program files (x86)/atollic/truestudio for stm32 9.3.0/armtools/bin/../lib/gcc/arm-atollic-eabi/6.3.1/armv7e-m/fpu/fpv5-sp-d16/crtend.o
LOAD c:/program files (x86)/atollic/truestudio for stm32 9.3.0/armtools/bin/../lib/gcc/arm-atollic-eabi/6.3.1/armv7e-m/fpu/fpv5-sp-d16/crtn.o
                0x20050000                _estack = 0x20050000
                0x00000200                _Min_Heap_Size = 0x200
                0x00000400                _Min_Stack_Size = 0x400

.isr_vector     0x08000000      0x1c8
                0x08000000                . = ALIGN (0x4)
 *(.isr_vector)
 .isr_vector    0x08000000      0x1c8 startup\startup_stm32f750xx.o
                0x08000000                g_pfnVectors
                0x080001c8                . = ALIGN (0x4)

.text           0x080001d0     0x9bcc
                0x080001d0                . = ALIGN (0x4)
 *(.text)
 .text          0x080001d0       0x40 c:/program files (x86)/atollic/truestudio for stm32 9.3.0/armtools/bin/../lib/gcc/arm-atollic-eabi/6.3.1/armv7e-m/fpu/fpv5-sp-d16/crtbegin.o
 .text          0x08000210       0x30 c:/program files (x86)/atollic/truestudio for stm32 9.3.0/armtools/bin/../lib/gcc/arm-atollic-eabi/6.3.1/armv7e-m/fpu/fpv5-sp-d16\libgcc.a(_aeabi_uldivmod.o)
                0x08000210                __aeabi_uldivmod
 .text          0x08000240      0x2dc c:/program files (x86)/atollic/truestudio for stm32 9.3.0/armtools/bin/../lib/gcc/arm-atollic-eabi/6.3.1/armv7e-m/fpu/fpv5-sp-d16\libgcc.a(_udivmoddi4.o)
                0x08000240                __udivmoddi4
 .text          0x0800051c        0x4 c:/program files (x86)/atollic/truestudio for stm32 9.3.0/armtools/bin/../lib/gcc/arm-atollic-eabi/6.3.1/armv7e-m/fpu/fpv5-sp-d16\libgcc.a(_dvmd_tls.o)
                0x0800051c                __aeabi_idiv0
                0x0800051c                __aeabi_ldiv0
 *(.text*)
 .text.MX_ADC3_Init
                0x08000520       0x68 Core\Src\adc.o
                0x08000520                MX_ADC3_Init
 .text.HAL_ADC_MspInit
                0x08000588       0x88 Core\Src\adc.o
                0x08000588                HAL_ADC_MspInit
 .text.MX_CRC_Init
                0x08000610       0x30 Core\Src\crc.o
                0x08000610                MX_CRC_Init
 .text.HAL_CRC_MspInit
                0x08000640       0x2c Core\Src\crc.o
                0x08000640                HAL_CRC_MspInit
 .text.MX_DCMI_Init
                0x0800066c       0x38 Core\Src\dcmi.o
                0x0800066c                MX_DCMI_Init
 .text.HAL_DCMI_MspInit
                0x080006a4      0x110 Core\Src\dcmi.o
                0x080006a4                HAL_DCMI_MspInit
 .text.MX_DMA2D_Init
                0x080007b4       0x40 Core\Src\dma2d.o
                0x080007b4                MX_DMA2D_Init
 .text.HAL_DMA2D_MspInit
                0x080007f4       0x3c Core\Src\dma2d.o
                0x080007f4                HAL_DMA2D_MspInit
 .text.MX_ETH_Init
                0x08000830       0x54 Core\Src\eth.o
                0x08000830                MX_ETH_Init
 .text.HAL_ETH_MspInit
                0x08000884       0xe0 Core\Src\eth.o
                0x08000884                HAL_ETH_MspInit
 .text.MX_FMC_Init
                0x08000964       0x6c Core\Src\fmc.o
                0x08000964                MX_FMC_Init
 .text.HAL_SDRAM_MspInit
                0x080009d0       0xd8 Core\Src\fmc.o
                0x080009d0                HAL_SDRAM_MspInit
 .text.StartDefaultTask
                0x08000aa8       0x12 Core\Src\freertos.o
                0x08000aa8                StartDefaultTask
 .text.vApplicationIdleHook
                0x08000aba        0x2 Core\Src\freertos.o
                0x08000aba                vApplicationIdleHook
 .text.vApplicationStackOverflowHook
                0x08000abc        0x2 Core\Src\freertos.o
                0x08000abc                vApplicationStackOverflowHook
 .text.vApplicationMallocFailedHook
                0x08000abe        0x2 Core\Src\freertos.o
                0x08000abe                vApplicationMallocFailedHook
 .text.MX_FREERTOS_Init
                0x08000ac0       0x28 Core\Src\freertos.o
                0x08000ac0                MX_FREERTOS_Init
 .text.MX_GPIO_Init
                0x08000ae8      0x26c Core\Src\gpio.o
                0x08000ae8                MX_GPIO_Init
 .text.MX_I2C1_Init
                0x08000d54       0x58 Core\Src\i2c.o
                0x08000d54                MX_I2C1_Init
 .text.MX_I2C3_Init
                0x08000dac       0x58 Core\Src\i2c.o
                0x08000dac                MX_I2C3_Init
 .text.HAL_I2C_MspInit
                0x08000e04       0xc0 Core\Src\i2c.o
                0x08000e04                HAL_I2C_MspInit
 .text.MX_LTDC_Init
                0x08000ec4       0xb4 Core\Src\ltdc.o
                0x08000ec4                MX_LTDC_Init
 .text.HAL_LTDC_MspInit
                0x08000f78      0x124 Core\Src\ltdc.o
                0x08000f78                HAL_LTDC_MspInit
 .text.SystemClock_Config
                0x0800109c       0xf0 Core\Src\main.o
                0x0800109c                SystemClock_Config
 .text.startup.main
                0x0800118c       0x74 Core\Src\main.o
                0x0800118c                main
 .text.HAL_TIM_PeriodElapsedCallback
                0x08001200       0x14 Core\Src\main.o
                0x08001200                HAL_TIM_PeriodElapsedCallback
 .text.Error_Handler
                0x08001214        0x2 Core\Src\main.o
                0x08001214                Error_Handler
 *fill*         0x08001216        0x2 
 .text.MX_QUADSPI_Init
                0x08001218       0x38 Core\Src\quadspi.o
                0x08001218                MX_QUADSPI_Init
 .text.HAL_QSPI_MspInit
                0x08001250       0xe0 Core\Src\quadspi.o
                0x08001250                HAL_QSPI_MspInit
 .text.MX_RTC_Init
                0x08001330       0xe8 Core\Src\rtc.o
                0x08001330                MX_RTC_Init
 .text.HAL_RTC_MspInit
                0x08001418       0x1c Core\Src\rtc.o
                0x08001418                HAL_RTC_MspInit
 .text.MX_SAI2_Init
                0x08001434       0xa8 Core\Src\sai.o
                0x08001434                MX_SAI2_Init
 .text.HAL_SAI_MspInit
                0x080014dc       0xa4 Core\Src\sai.o
                0x080014dc                HAL_SAI_MspInit
 .text.MX_SDMMC1_SD_Init
                0x08001580       0x20 Core\Src\sdmmc.o
                0x08001580                MX_SDMMC1_SD_Init
 .text.HAL_SD_MspInit
                0x080015a0       0x98 Core\Src\sdmmc.o
                0x080015a0                HAL_SD_MspInit
 .text.MX_SPDIFRX_Init
                0x08001638       0x34 Core\Src\spdifrx.o
                0x08001638                MX_SPDIFRX_Init
 .text.HAL_SPDIFRX_MspInit
                0x0800166c       0x5c Core\Src\spdifrx.o
                0x0800166c                HAL_SPDIFRX_MspInit
 .text.MX_SPI2_Init
                0x080016c8       0x4c Core\Src\spi.o
                0x080016c8                MX_SPI2_Init
 .text.HAL_SPI_MspInit
                0x08001714       0x8c Core\Src\spi.o
                0x08001714                HAL_SPI_MspInit
 .text.HAL_MspInit
                0x080017a0       0x40 Core\Src\stm32f7xx_hal_msp.o
                0x080017a0                HAL_MspInit
 .text.HAL_InitTick
                0x080017e0       0x78 Core\Src\stm32f7xx_hal_timebase_tim.o
                0x080017e0                HAL_InitTick
 .text.NMI_Handler
                0x08001858        0x2 Core\Src\stm32f7xx_it.o
                0x08001858                NMI_Handler
 .text.HardFault_Handler
                0x0800185a        0x2 Core\Src\stm32f7xx_it.o
                0x0800185a                HardFault_Handler
 .text.MemManage_Handler
                0x0800185c        0x2 Core\Src\stm32f7xx_it.o
                0x0800185c                MemManage_Handler
 .text.BusFault_Handler
                0x0800185e        0x2 Core\Src\stm32f7xx_it.o
                0x0800185e                BusFault_Handler
 .text.UsageFault_Handler
                0x08001860        0x2 Core\Src\stm32f7xx_it.o
                0x08001860                UsageFault_Handler
 .text.DebugMon_Handler
                0x08001862        0x2 Core\Src\stm32f7xx_it.o
                0x08001862                DebugMon_Handler
 .text.TIM6_DAC_IRQHandler
                0x08001864        0xc Core\Src\stm32f7xx_it.o
                0x08001864                TIM6_DAC_IRQHandler
 .text.OTG_FS_IRQHandler
                0x08001870        0xc Core\Src\stm32f7xx_it.o
                0x08001870                OTG_FS_IRQHandler
 .text.LTDC_IRQHandler
                0x0800187c        0xc Core\Src\stm32f7xx_it.o
                0x0800187c                LTDC_IRQHandler
 .text.DMA2D_IRQHandler
                0x08001888        0xc Core\Src\stm32f7xx_it.o
                0x08001888                DMA2D_IRQHandler
 .text._sbrk    0x08001894       0x34 Core\Src\syscalls.o
                0x08001894                _sbrk
 .text.SystemInit
                0x080018c8       0x4c Core\Src\system_stm32f7xx.o
                0x080018c8                SystemInit
 .text.MX_TIM8_Init
                0x08001914       0x6c Core\Src\tim.o
                0x08001914                MX_TIM8_Init
 .text.HAL_TIM_Base_MspInit
                0x08001980       0xa8 Core\Src\tim.o
                0x08001980                HAL_TIM_Base_MspInit
 .text.HAL_TIM_PWM_MspInit
                0x08001a28       0x28 Core\Src\tim.o
                0x08001a28                HAL_TIM_PWM_MspInit
 .text.HAL_TIM_MspPostInit
                0x08001a50      0x110 Core\Src\tim.o
                0x08001a50                HAL_TIM_MspPostInit
 .text.MX_TIM1_Init
                0x08001b60       0xe0 Core\Src\tim.o
                0x08001b60                MX_TIM1_Init
 .text.MX_TIM2_Init
                0x08001c40       0x9c Core\Src\tim.o
                0x08001c40                MX_TIM2_Init
 .text.MX_TIM3_Init
                0x08001cdc       0x9c Core\Src\tim.o
                0x08001cdc                MX_TIM3_Init
 .text.MX_TIM5_Init
                0x08001d78       0x9c Core\Src\tim.o
                0x08001d78                MX_TIM5_Init
 .text.MX_TIM12_Init
                0x08001e14       0x58 Core\Src\tim.o
                0x08001e14                MX_TIM12_Init
 .text.MX_USART1_UART_Init
                0x08001e6c       0x3c Core\Src\usart.o
                0x08001e6c                MX_USART1_UART_Init
 .text.MX_USART6_UART_Init
                0x08001ea8       0x3c Core\Src\usart.o
                0x08001ea8                MX_USART6_UART_Init
 .text.HAL_UART_MspInit
                0x08001ee4       0xdc Core\Src\usart.o
                0x08001ee4                HAL_UART_MspInit
 .text.HAL_Init
                0x08001fc0       0x16 Drivers\STM32F7xx_HAL_Driver\Src\stm32f7xx_hal.o
                0x08001fc0                HAL_Init
 *fill*         0x08001fd6        0x2 
 .text.HAL_IncTick
                0x08001fd8       0x18 Drivers\STM32F7xx_HAL_Driver\Src\stm32f7xx_hal.o
                0x08001fd8                HAL_IncTick
 .text.HAL_GetTick
                0x08001ff0        0xc Drivers\STM32F7xx_HAL_Driver\Src\stm32f7xx_hal.o
                0x08001ff0                HAL_GetTick
 .text.HAL_Delay
                0x08001ffc       0x24 Drivers\STM32F7xx_HAL_Driver\Src\stm32f7xx_hal.o
                0x08001ffc                HAL_Delay
 .text.HAL_ADC_Init
                0x08002020      0x14c Drivers\STM32F7xx_HAL_Driver\Src\stm32f7xx_hal_adc.o
                0x08002020                HAL_ADC_Init
 .text.HAL_ADC_ConfigChannel
                0x0800216c      0x140 Drivers\STM32F7xx_HAL_Driver\Src\stm32f7xx_hal_adc.o
                0x0800216c                HAL_ADC_ConfigChannel
 .text.HAL_NVIC_SetPriorityGrouping
                0x080022ac       0x24 Drivers\STM32F7xx_HAL_Driver\Src\stm32f7xx_hal_cortex.o
                0x080022ac                HAL_NVIC_SetPriorityGrouping
 .text.HAL_NVIC_SetPriority
                0x080022d0       0x70 Drivers\STM32F7xx_HAL_Driver\Src\stm32f7xx_hal_cortex.o
                0x080022d0                HAL_NVIC_SetPriority
 .text.HAL_NVIC_EnableIRQ
                0x08002340       0x1c Drivers\STM32F7xx_HAL_Driver\Src\stm32f7xx_hal_cortex.o
                0x08002340                HAL_NVIC_EnableIRQ
 .text.HAL_CRC_Init
                0x0800235c       0x74 Drivers\STM32F7xx_HAL_Driver\Src\stm32f7xx_hal_crc.o
                0x0800235c                HAL_CRC_Init
 .text.HAL_CRCEx_Polynomial_Set
                0x080023d0       0x44 Drivers\STM32F7xx_HAL_Driver\Src\stm32f7xx_hal_crc_ex.o
                0x080023d0                HAL_CRCEx_Polynomial_Set
 .text.HAL_DCMI_Init
                0x08002414       0x8c Drivers\STM32F7xx_HAL_Driver\Src\stm32f7xx_hal_dcmi.o
                0x08002414                HAL_DCMI_Init
 .text.HAL_DMA_Start_IT
                0x080024a0       0x7a Drivers\STM32F7xx_HAL_Driver\Src\stm32f7xx_hal_dma.o
                0x080024a0                HAL_DMA_Start_IT
 .text.HAL_DMA_GetError
                0x0800251a        0x4 Drivers\STM32F7xx_HAL_Driver\Src\stm32f7xx_hal_dma.o
                0x0800251a                HAL_DMA_GetError
 .text.HAL_DMA2D_Init
                0x0800251e       0x58 Drivers\STM32F7xx_HAL_Driver\Src\stm32f7xx_hal_dma2d.o
                0x0800251e                HAL_DMA2D_Init
 .text.HAL_DMA2D_LineEventCallback
                0x08002576        0x2 Drivers\STM32F7xx_HAL_Driver\Src\stm32f7xx_hal_dma2d.o
                0x08002576                HAL_DMA2D_LineEventCallback
 .text.HAL_DMA2D_CLUTLoadingCpltCallback
                0x08002578        0x2 Drivers\STM32F7xx_HAL_Driver\Src\stm32f7xx_hal_dma2d.o
                0x08002578                HAL_DMA2D_CLUTLoadingCpltCallback
 .text.HAL_DMA2D_IRQHandler
                0x0800257a      0x114 Drivers\STM32F7xx_HAL_Driver\Src\stm32f7xx_hal_dma2d.o
                0x0800257a                HAL_DMA2D_IRQHandler
 *fill*         0x0800268e        0x2 
 .text.HAL_DMA2D_ConfigLayer
                0x08002690       0x94 Drivers\STM32F7xx_HAL_Driver\Src\stm32f7xx_hal_dma2d.o
                0x08002690                HAL_DMA2D_ConfigLayer
 .text.ETH_MACDMAConfig
                0x08002724       0xf8 Drivers\STM32F7xx_HAL_Driver\Src\stm32f7xx_hal_eth.o
 .text.HAL_ETH_ReadPHYRegister
                0x0800281c       0x74 Drivers\STM32F7xx_HAL_Driver\Src\stm32f7xx_hal_eth.o
                0x0800281c                HAL_ETH_ReadPHYRegister
 .text.HAL_ETH_WritePHYRegister
                0x08002890       0x6e Drivers\STM32F7xx_HAL_Driver\Src\stm32f7xx_hal_eth.o
                0x08002890                HAL_ETH_WritePHYRegister
 *fill*         0x080028fe        0x2 
 .text.HAL_ETH_Init
                0x08002900      0x1f4 Drivers\STM32F7xx_HAL_Driver\Src\stm32f7xx_hal_eth.o
                0x08002900                HAL_ETH_Init
 .text.HAL_GPIO_Init
                0x08002af4      0x1d4 Drivers\STM32F7xx_HAL_Driver\Src\stm32f7xx_hal_gpio.o
                0x08002af4                HAL_GPIO_Init
 .text.HAL_GPIO_ReadPin
                0x08002cc8        0xc Drivers\STM32F7xx_HAL_Driver\Src\stm32f7xx_hal_gpio.o
                0x08002cc8                HAL_GPIO_ReadPin
 .text.HAL_GPIO_WritePin
                0x08002cd4        0xa Drivers\STM32F7xx_HAL_Driver\Src\stm32f7xx_hal_gpio.o
                0x08002cd4                HAL_GPIO_WritePin
 .text.HAL_HCD_HC_Init
                0x08002cde       0x72 Drivers\STM32F7xx_HAL_Driver\Src\stm32f7xx_hal_hcd.o
                0x08002cde                HAL_HCD_HC_Init
 .text.HAL_HCD_HC_Halt
                0x08002d50       0x24 Drivers\STM32F7xx_HAL_Driver\Src\stm32f7xx_hal_hcd.o
                0x08002d50                HAL_HCD_HC_Halt
 .text.HAL_HCD_Init
                0x08002d74       0x88 Drivers\STM32F7xx_HAL_Driver\Src\stm32f7xx_hal_hcd.o
                0x08002d74                HAL_HCD_Init
 .text.HAL_HCD_HC_SubmitRequest
                0x08002dfc       0xc4 Drivers\STM32F7xx_HAL_Driver\Src\stm32f7xx_hal_hcd.o
                0x08002dfc                HAL_HCD_HC_SubmitRequest
 .text.HAL_HCD_IRQHandler
                0x08002ec0      0x62c Drivers\STM32F7xx_HAL_Driver\Src\stm32f7xx_hal_hcd.o
                0x08002ec0                HAL_HCD_IRQHandler
 .text.HAL_HCD_Start
                0x080034ec       0x2c Drivers\STM32F7xx_HAL_Driver\Src\stm32f7xx_hal_hcd.o
                0x080034ec                HAL_HCD_Start
 .text.HAL_HCD_Stop
                0x08003518       0x24 Drivers\STM32F7xx_HAL_Driver\Src\stm32f7xx_hal_hcd.o
                0x08003518                HAL_HCD_Stop
 .text.HAL_HCD_ResetPort
                0x0800353c        0x6 Drivers\STM32F7xx_HAL_Driver\Src\stm32f7xx_hal_hcd.o
                0x0800353c                HAL_HCD_ResetPort
 .text.HAL_HCD_HC_GetURBState
                0x08003542        0xc Drivers\STM32F7xx_HAL_Driver\Src\stm32f7xx_hal_hcd.o
                0x08003542                HAL_HCD_HC_GetURBState
 .text.HAL_HCD_HC_GetXferCount
                0x0800354e        0xa Drivers\STM32F7xx_HAL_Driver\Src\stm32f7xx_hal_hcd.o
                0x0800354e                HAL_HCD_HC_GetXferCount
 .text.HAL_HCD_GetCurrentFrame
                0x08003558        0x6 Drivers\STM32F7xx_HAL_Driver\Src\stm32f7xx_hal_hcd.o
                0x08003558                HAL_HCD_GetCurrentFrame
 .text.HAL_HCD_GetCurrentSpeed
                0x0800355e        0x6 Drivers\STM32F7xx_HAL_Driver\Src\stm32f7xx_hal_hcd.o
                0x0800355e                HAL_HCD_GetCurrentSpeed
 .text.HAL_I2C_Init
                0x08003564       0xa2 Drivers\STM32F7xx_HAL_Driver\Src\stm32f7xx_hal_i2c.o
                0x08003564                HAL_I2C_Init
 .text.HAL_I2CEx_ConfigAnalogFilter
                0x08003606       0x4c Drivers\STM32F7xx_HAL_Driver\Src\stm32f7xx_hal_i2c_ex.o
                0x08003606                HAL_I2CEx_ConfigAnalogFilter
 .text.HAL_I2CEx_ConfigDigitalFilter
                0x08003652       0x4a Drivers\STM32F7xx_HAL_Driver\Src\stm32f7xx_hal_i2c_ex.o
                0x08003652                HAL_I2CEx_ConfigDigitalFilter
 .text.LTDC_SetConfig
                0x0800369c      0x10c Drivers\STM32F7xx_HAL_Driver\Src\stm32f7xx_hal_ltdc.o
 .text.HAL_LTDC_Init
                0x080037a8       0xd8 Drivers\STM32F7xx_HAL_Driver\Src\stm32f7xx_hal_ltdc.o
                0x080037a8                HAL_LTDC_Init
 .text.HAL_LTDC_ErrorCallback
                0x08003880        0x2 Drivers\STM32F7xx_HAL_Driver\Src\stm32f7xx_hal_ltdc.o
                0x08003880                HAL_LTDC_ErrorCallback
 .text.HAL_LTDC_LineEventCallback
                0x08003882        0x2 Drivers\STM32F7xx_HAL_Driver\Src\stm32f7xx_hal_ltdc.o
                0x08003882                HAL_LTDC_LineEventCallback
 .text.HAL_LTDC_ReloadEventCallback
                0x08003884        0x2 Drivers\STM32F7xx_HAL_Driver\Src\stm32f7xx_hal_ltdc.o
                0x08003884                HAL_LTDC_ReloadEventCallback
 .text.HAL_LTDC_IRQHandler
                0x08003886       0xba Drivers\STM32F7xx_HAL_Driver\Src\stm32f7xx_hal_ltdc.o
                0x08003886                HAL_LTDC_IRQHandler
 .text.HAL_LTDC_ConfigLayer
                0x08003940       0x52 Drivers\STM32F7xx_HAL_Driver\Src\stm32f7xx_hal_ltdc.o
                0x08003940                HAL_LTDC_ConfigLayer
 *fill*         0x08003992        0x2 
 .text.HAL_PWR_EnableBkUpAccess
                0x08003994       0x10 Drivers\STM32F7xx_HAL_Driver\Src\stm32f7xx_hal_pwr.o
                0x08003994                HAL_PWR_EnableBkUpAccess
 .text.HAL_PWREx_EnableOverDrive
                0x080039a4       0x70 Drivers\STM32F7xx_HAL_Driver\Src\stm32f7xx_hal_pwr_ex.o
                0x080039a4                HAL_PWREx_EnableOverDrive
 .text.QSPI_WaitFlagStateUntilTimeout
                0x08003a14       0x4c Drivers\STM32F7xx_HAL_Driver\Src\stm32f7xx_hal_qspi.o
 .text.HAL_QSPI_Init
                0x08003a60       0xb8 Drivers\STM32F7xx_HAL_Driver\Src\stm32f7xx_hal_qspi.o
                0x08003a60                HAL_QSPI_Init
 .text.HAL_RCC_OscConfig
                0x08003b18      0x328 Drivers\STM32F7xx_HAL_Driver\Src\stm32f7xx_hal_rcc.o
                0x08003b18                HAL_RCC_OscConfig
 .text.HAL_RCC_GetSysClockFreq
                0x08003e40       0x5c Drivers\STM32F7xx_HAL_Driver\Src\stm32f7xx_hal_rcc.o
                0x08003e40                HAL_RCC_GetSysClockFreq
 .text.HAL_RCC_ClockConfig
                0x08003e9c      0x13c Drivers\STM32F7xx_HAL_Driver\Src\stm32f7xx_hal_rcc.o
                0x08003e9c                HAL_RCC_ClockConfig
 .text.HAL_RCC_GetHCLKFreq
                0x08003fd8        0xc Drivers\STM32F7xx_HAL_Driver\Src\stm32f7xx_hal_rcc.o
                0x08003fd8                HAL_RCC_GetHCLKFreq
 .text.HAL_RCC_GetPCLK1Freq
                0x08003fe4       0x20 Drivers\STM32F7xx_HAL_Driver\Src\stm32f7xx_hal_rcc.o
                0x08003fe4                HAL_RCC_GetPCLK1Freq
 .text.HAL_RCC_GetPCLK2Freq
                0x08004004       0x20 Drivers\STM32F7xx_HAL_Driver\Src\stm32f7xx_hal_rcc.o
                0x08004004                HAL_RCC_GetPCLK2Freq
 .text.HAL_RCC_GetClockConfig
                0x08004024       0x3c Drivers\STM32F7xx_HAL_Driver\Src\stm32f7xx_hal_rcc.o
                0x08004024                HAL_RCC_GetClockConfig
 .text.HAL_RCCEx_PeriphCLKConfig
                0x08004060      0x514 Drivers\STM32F7xx_HAL_Driver\Src\stm32f7xx_hal_rcc_ex.o
                0x08004060                HAL_RCCEx_PeriphCLKConfig
 .text.HAL_RCCEx_GetPeriphCLKFreq
                0x08004574       0xc8 Drivers\STM32F7xx_HAL_Driver\Src\stm32f7xx_hal_rcc_ex.o
                0x08004574                HAL_RCCEx_GetPeriphCLKFreq
 .text.HAL_RTC_WaitForSynchro
                0x0800463c       0x30 Drivers\STM32F7xx_HAL_Driver\Src\stm32f7xx_hal_rtc.o
                0x0800463c                HAL_RTC_WaitForSynchro
 .text.RTC_EnterInitMode
                0x0800466c       0x34 Drivers\STM32F7xx_HAL_Driver\Src\stm32f7xx_hal_rtc.o
                0x0800466c                RTC_EnterInitMode
 .text.HAL_RTC_Init
                0x080046a0       0x84 Drivers\STM32F7xx_HAL_Driver\Src\stm32f7xx_hal_rtc.o
                0x080046a0                HAL_RTC_Init
 .text.RTC_ByteToBcd2
                0x08004724       0x16 Drivers\STM32F7xx_HAL_Driver\Src\stm32f7xx_hal_rtc.o
                0x08004724                RTC_ByteToBcd2
 .text.HAL_RTC_SetTime
                0x0800473a       0xdc Drivers\STM32F7xx_HAL_Driver\Src\stm32f7xx_hal_rtc.o
                0x0800473a                HAL_RTC_SetTime
 .text.HAL_RTC_SetDate
                0x08004816       0xbe Drivers\STM32F7xx_HAL_Driver\Src\stm32f7xx_hal_rtc.o
                0x08004816                HAL_RTC_SetDate
 .text.HAL_RTC_SetAlarm
                0x080048d4      0x13c Drivers\STM32F7xx_HAL_Driver\Src\stm32f7xx_hal_rtc.o
                0x080048d4                HAL_RTC_SetAlarm
 .text.HAL_RTCEx_SetTimeStamp
                0x08004a10       0x4c Drivers\STM32F7xx_HAL_Driver\Src\stm32f7xx_hal_rtc_ex.o
                0x08004a10                HAL_RTCEx_SetTimeStamp
 .text.SAI_Disable
                0x08004a5c       0x40 Drivers\STM32F7xx_HAL_Driver\Src\stm32f7xx_hal_sai.o
 .text.HAL_SAI_Init
                0x08004a9c      0x1b4 Drivers\STM32F7xx_HAL_Driver\Src\stm32f7xx_hal_sai.o
                0x08004a9c                HAL_SAI_Init
 .text.SD_DMATransmitCplt
                0x08004c50        0xe Drivers\STM32F7xx_HAL_Driver\Src\stm32f7xx_hal_sd.o
 .text.SD_FindSCR
                0x08004c5e       0xca Drivers\STM32F7xx_HAL_Driver\Src\stm32f7xx_hal_sd.o
 .text.HAL_SD_ReadBlocks_DMA
                0x08004d28      0x104 Drivers\STM32F7xx_HAL_Driver\Src\stm32f7xx_hal_sd.o
                0x08004d28                HAL_SD_ReadBlocks_DMA
 .text.HAL_SD_WriteBlocks_DMA
                0x08004e2c       0xf8 Drivers\STM32F7xx_HAL_Driver\Src\stm32f7xx_hal_sd.o
                0x08004e2c                HAL_SD_WriteBlocks_DMA
 .text.HAL_SD_ErrorCallback
                0x08004f24        0x2 Drivers\STM32F7xx_HAL_Driver\Src\stm32f7xx_hal_sd.o
                0x08004f24                HAL_SD_ErrorCallback
 .text.SD_DMAReceiveCplt
                0x08004f26       0x3c Drivers\STM32F7xx_HAL_Driver\Src\stm32f7xx_hal_sd.o
 .text.HAL_SD_GetCardCSD
                0x08004f62      0x1be Drivers\STM32F7xx_HAL_Driver\Src\stm32f7xx_hal_sd.o
                0x08004f62                HAL_SD_GetCardCSD
 .text.HAL_SD_InitCard
                0x08005120      0x1e6 Drivers\STM32F7xx_HAL_Driver\Src\stm32f7xx_hal_sd.o
                0x08005120                HAL_SD_InitCard
 .text.HAL_SD_Init
                0x08005306       0x34 Drivers\STM32F7xx_HAL_Driver\Src\stm32f7xx_hal_sd.o
                0x08005306                HAL_SD_Init
 .text.HAL_SD_GetCardInfo
                0x0800533a       0x24 Drivers\STM32F7xx_HAL_Driver\Src\stm32f7xx_hal_sd.o
                0x0800533a                HAL_SD_GetCardInfo
 .text.HAL_SD_ConfigWideBusOperation
                0x0800535e      0x108 Drivers\STM32F7xx_HAL_Driver\Src\stm32f7xx_hal_sd.o
                0x0800535e                HAL_SD_ConfigWideBusOperation
 .text.HAL_SD_GetCardState
                0x08005466       0x28 Drivers\STM32F7xx_HAL_Driver\Src\stm32f7xx_hal_sd.o
                0x08005466                HAL_SD_GetCardState
 .text.SD_DMAError
                0x0800548e       0x5c Drivers\STM32F7xx_HAL_Driver\Src\stm32f7xx_hal_sd.o
 .text.HAL_SDRAM_Init
                0x080054ea       0x40 Drivers\STM32F7xx_HAL_Driver\Src\stm32f7xx_hal_sdram.o
                0x080054ea                HAL_SDRAM_Init
 .text.HAL_SPDIFRX_Init
                0x0800552a       0x6e Drivers\STM32F7xx_HAL_Driver\Src\stm32f7xx_hal_spdifrx.o
                0x0800552a                HAL_SPDIFRX_Init
 .text.HAL_SPI_Init
                0x08005598       0xaa Drivers\STM32F7xx_HAL_Driver\Src\stm32f7xx_hal_spi.o
                0x08005598                HAL_SPI_Init
 *fill*         0x08005642        0x2 
 .text.TIM_OC1_SetConfig
                0x08005644       0x68 Drivers\STM32F7xx_HAL_Driver\Src\stm32f7xx_hal_tim.o
 .text.TIM_OC3_SetConfig
                0x080056ac       0x70 Drivers\STM32F7xx_HAL_Driver\Src\stm32f7xx_hal_tim.o
 .text.TIM_OC4_SetConfig
                0x0800571c       0x50 Drivers\STM32F7xx_HAL_Driver\Src\stm32f7xx_hal_tim.o
 .text.TIM_OC5_SetConfig
                0x0800576c       0x50 Drivers\STM32F7xx_HAL_Driver\Src\stm32f7xx_hal_tim.o
 .text.TIM_OC6_SetConfig
                0x080057bc       0x50 Drivers\STM32F7xx_HAL_Driver\Src\stm32f7xx_hal_tim.o
 .text.HAL_TIM_Base_Start_IT
                0x0800580c       0x2c Drivers\STM32F7xx_HAL_Driver\Src\stm32f7xx_hal_tim.o
                0x0800580c                HAL_TIM_Base_Start_IT
 .text.HAL_TIM_OC_DelayElapsedCallback
                0x08005838        0x2 Drivers\STM32F7xx_HAL_Driver\Src\stm32f7xx_hal_tim.o
                0x08005838                HAL_TIM_OC_DelayElapsedCallback
 .text.HAL_TIM_IC_CaptureCallback
                0x0800583a        0x2 Drivers\STM32F7xx_HAL_Driver\Src\stm32f7xx_hal_tim.o
                0x0800583a                HAL_TIM_IC_CaptureCallback
 .text.HAL_TIM_PWM_PulseFinishedCallback
                0x0800583c        0x2 Drivers\STM32F7xx_HAL_Driver\Src\stm32f7xx_hal_tim.o
                0x0800583c                HAL_TIM_PWM_PulseFinishedCallback
 .text.HAL_TIM_TriggerCallback
                0x0800583e        0x2 Drivers\STM32F7xx_HAL_Driver\Src\stm32f7xx_hal_tim.o
                0x0800583e                HAL_TIM_TriggerCallback
 .text.HAL_TIM_IRQHandler
                0x08005840      0x160 Drivers\STM32F7xx_HAL_Driver\Src\stm32f7xx_hal_tim.o
                0x08005840                HAL_TIM_IRQHandler
 .text.TIM_Base_SetConfig
                0x080059a0       0xcc Drivers\STM32F7xx_HAL_Driver\Src\stm32f7xx_hal_tim.o
                0x080059a0                TIM_Base_SetConfig
 .text.HAL_TIM_Base_Init
                0x08005a6c       0x34 Drivers\STM32F7xx_HAL_Driver\Src\stm32f7xx_hal_tim.o
                0x08005a6c                HAL_TIM_Base_Init
 .text.HAL_TIM_PWM_Init
                0x08005aa0       0x34 Drivers\STM32F7xx_HAL_Driver\Src\stm32f7xx_hal_tim.o
                0x08005aa0                HAL_TIM_PWM_Init
 .text.TIM_OC2_SetConfig
                0x08005ad4       0x70 Drivers\STM32F7xx_HAL_Driver\Src\stm32f7xx_hal_tim.o
                0x08005ad4                TIM_OC2_SetConfig
 .text.HAL_TIM_PWM_ConfigChannel
                0x08005b44      0x10a Drivers\STM32F7xx_HAL_Driver\Src\stm32f7xx_hal_tim.o
                0x08005b44                HAL_TIM_PWM_ConfigChannel
 .text.TIM_ETR_SetConfig
                0x08005c4e       0x14 Drivers\STM32F7xx_HAL_Driver\Src\stm32f7xx_hal_tim.o
                0x08005c4e                TIM_ETR_SetConfig
 *fill*         0x08005c62        0x2 
 .text.HAL_TIM_ConfigClockSource
                0x08005c64      0x128 Drivers\STM32F7xx_HAL_Driver\Src\stm32f7xx_hal_tim.o
                0x08005c64                HAL_TIM_ConfigClockSource
 .text.HAL_TIMEx_MasterConfigSynchronization
                0x08005d8c       0x58 Drivers\STM32F7xx_HAL_Driver\Src\stm32f7xx_hal_tim_ex.o
                0x08005d8c                HAL_TIMEx_MasterConfigSynchronization
 .text.HAL_TIMEx_ConfigBreakDeadTime
                0x08005de4       0x84 Drivers\STM32F7xx_HAL_Driver\Src\stm32f7xx_hal_tim_ex.o
                0x08005de4                HAL_TIMEx_ConfigBreakDeadTime
 .text.HAL_TIMEx_CommutCallback
                0x08005e68        0x2 Drivers\STM32F7xx_HAL_Driver\Src\stm32f7xx_hal_tim_ex.o
                0x08005e68                HAL_TIMEx_CommutCallback
 .text.HAL_TIMEx_BreakCallback
                0x08005e6a        0x2 Drivers\STM32F7xx_HAL_Driver\Src\stm32f7xx_hal_tim_ex.o
                0x08005e6a                HAL_TIMEx_BreakCallback
 .text.HAL_TIMEx_Break2Callback
                0x08005e6c        0x2 Drivers\STM32F7xx_HAL_Driver\Src\stm32f7xx_hal_tim_ex.o
                0x08005e6c                HAL_TIMEx_Break2Callback
 *fill*         0x08005e6e        0x2 
 .text.UART_SetConfig
                0x08005e70      0x288 Drivers\STM32F7xx_HAL_Driver\Src\stm32f7xx_hal_uart.o
                0x08005e70                UART_SetConfig
 .text.UART_AdvFeatureConfig
                0x080060f8       0xaa Drivers\STM32F7xx_HAL_Driver\Src\stm32f7xx_hal_uart.o
                0x080060f8                UART_AdvFeatureConfig
 .text.UART_WaitOnFlagUntilTimeout
                0x080061a2       0x5e Drivers\STM32F7xx_HAL_Driver\Src\stm32f7xx_hal_uart.o
                0x080061a2                UART_WaitOnFlagUntilTimeout
 .text.UART_CheckIdleState
                0x08006200       0x40 Drivers\STM32F7xx_HAL_Driver\Src\stm32f7xx_hal_uart.o
                0x08006200                UART_CheckIdleState
 .text.HAL_UART_Init
                0x08006240       0x5c Drivers\STM32F7xx_HAL_Driver\Src\stm32f7xx_hal_uart.o
                0x08006240                HAL_UART_Init
 .text.FMC_SDRAM_Init
                0x0800629c       0x7e Drivers\STM32F7xx_HAL_Driver\Src\stm32f7xx_ll_fmc.o
                0x0800629c                FMC_SDRAM_Init
 .text.FMC_SDRAM_Timing_Init
                0x0800631a       0x90 Drivers\STM32F7xx_HAL_Driver\Src\stm32f7xx_ll_fmc.o
                0x0800631a                FMC_SDRAM_Timing_Init
 *fill*         0x080063aa        0x2 
 .text.SDMMC_GetCmdResp2
                0x080063ac       0x4c Drivers\STM32F7xx_HAL_Driver\Src\stm32f7xx_ll_sdmmc.o
 .text.SDMMC_GetCmdResp3
                0x080063f8       0x44 Drivers\STM32F7xx_HAL_Driver\Src\stm32f7xx_ll_sdmmc.o
 .text.SDMMC_Init
                0x0800643c       0x38 Drivers\STM32F7xx_HAL_Driver\Src\stm32f7xx_ll_sdmmc.o
                0x0800643c                SDMMC_Init
 .text.SDMMC_ReadFIFO
                0x08006474        0x6 Drivers\STM32F7xx_HAL_Driver\Src\stm32f7xx_ll_sdmmc.o
                0x08006474                SDMMC_ReadFIFO
 .text.SDMMC_PowerState_ON
                0x0800647a        0x8 Drivers\STM32F7xx_HAL_Driver\Src\stm32f7xx_ll_sdmmc.o
                0x0800647a                SDMMC_PowerState_ON
 .text.SDMMC_GetPowerState
                0x08006482        0x8 Drivers\STM32F7xx_HAL_Driver\Src\stm32f7xx_ll_sdmmc.o
                0x08006482                SDMMC_GetPowerState
 .text.SDMMC_SendCommand
                0x0800648a       0x26 Drivers\STM32F7xx_HAL_Driver\Src\stm32f7xx_ll_sdmmc.o
                0x0800648a                SDMMC_SendCommand
 .text.SDMMC_GetResponse
                0x080064b0       0x14 Drivers\STM32F7xx_HAL_Driver\Src\stm32f7xx_ll_sdmmc.o
                0x080064b0                SDMMC_GetResponse
 .text.SDMMC_GetCmdResp1
                0x080064c4      0x11c Drivers\STM32F7xx_HAL_Driver\Src\stm32f7xx_ll_sdmmc.o
 .text.SDMMC_ConfigData
                0x080065e0       0x26 Drivers\STM32F7xx_HAL_Driver\Src\stm32f7xx_ll_sdmmc.o
                0x080065e0                SDMMC_ConfigData
 .text.SDMMC_CmdBlockLength
                0x08006606       0x30 Drivers\STM32F7xx_HAL_Driver\Src\stm32f7xx_ll_sdmmc.o
                0x08006606                SDMMC_CmdBlockLength
 .text.SDMMC_CmdReadSingleBlock
                0x08006636       0x30 Drivers\STM32F7xx_HAL_Driver\Src\stm32f7xx_ll_sdmmc.o
                0x08006636                SDMMC_CmdReadSingleBlock
 .text.SDMMC_CmdReadMultiBlock
                0x08006666       0x30 Drivers\STM32F7xx_HAL_Driver\Src\stm32f7xx_ll_sdmmc.o
                0x08006666                SDMMC_CmdReadMultiBlock
 .text.SDMMC_CmdWriteSingleBlock
                0x08006696       0x30 Drivers\STM32F7xx_HAL_Driver\Src\stm32f7xx_ll_sdmmc.o
                0x08006696                SDMMC_CmdWriteSingleBlock
 .text.SDMMC_CmdWriteMultiBlock
                0x080066c6       0x30 Drivers\STM32F7xx_HAL_Driver\Src\stm32f7xx_ll_sdmmc.o
                0x080066c6                SDMMC_CmdWriteMultiBlock
 *fill*         0x080066f6        0x2 
 .text.SDMMC_CmdStopTransfer
                0x080066f8       0x34 Drivers\STM32F7xx_HAL_Driver\Src\stm32f7xx_ll_sdmmc.o
                0x080066f8                SDMMC_CmdStopTransfer
 .text.SDMMC_CmdSelDesel
                0x0800672c       0x30 Drivers\STM32F7xx_HAL_Driver\Src\stm32f7xx_ll_sdmmc.o
                0x0800672c                SDMMC_CmdSelDesel
 .text.SDMMC_CmdGoIdleState
                0x0800675c       0x50 Drivers\STM32F7xx_HAL_Driver\Src\stm32f7xx_ll_sdmmc.o
                0x0800675c                SDMMC_CmdGoIdleState
 .text.SDMMC_CmdOperCond
                0x080067ac       0x70 Drivers\STM32F7xx_HAL_Driver\Src\stm32f7xx_ll_sdmmc.o
                0x080067ac                SDMMC_CmdOperCond
 .text.SDMMC_CmdAppCommand
                0x0800681c       0x30 Drivers\STM32F7xx_HAL_Driver\Src\stm32f7xx_ll_sdmmc.o
                0x0800681c                SDMMC_CmdAppCommand
 .text.SDMMC_CmdAppOperCommand
                0x0800684c       0x32 Drivers\STM32F7xx_HAL_Driver\Src\stm32f7xx_ll_sdmmc.o
                0x0800684c                SDMMC_CmdAppOperCommand
 .text.SDMMC_CmdSendSCR
                0x0800687e       0x30 Drivers\STM32F7xx_HAL_Driver\Src\stm32f7xx_ll_sdmmc.o
                0x0800687e                SDMMC_CmdSendSCR
 .text.SDMMC_CmdSendCID
                0x080068ae       0x2a Drivers\STM32F7xx_HAL_Driver\Src\stm32f7xx_ll_sdmmc.o
                0x080068ae                SDMMC_CmdSendCID
 .text.SDMMC_CmdSendCSD
                0x080068d8       0x2a Drivers\STM32F7xx_HAL_Driver\Src\stm32f7xx_ll_sdmmc.o
                0x080068d8                SDMMC_CmdSendCSD
 *fill*         0x08006902        0x2 
 .text.SDMMC_CmdSetRelAdd
                0x08006904       0xa8 Drivers\STM32F7xx_HAL_Driver\Src\stm32f7xx_ll_sdmmc.o
                0x08006904                SDMMC_CmdSetRelAdd
 .text.SDMMC_CmdSendStatus
                0x080069ac       0x30 Drivers\STM32F7xx_HAL_Driver\Src\stm32f7xx_ll_sdmmc.o
                0x080069ac                SDMMC_CmdSendStatus
 .text.SDMMC_CmdSwitch
                0x080069dc       0x30 Drivers\STM32F7xx_HAL_Driver\Src\stm32f7xx_ll_sdmmc.o
                0x080069dc                SDMMC_CmdSwitch
 .text.SDMMC_CmdBusWidth
                0x08006a0c        0x4 Drivers\STM32F7xx_HAL_Driver\Src\stm32f7xx_ll_sdmmc.o
                0x08006a0c                SDMMC_CmdBusWidth
 .text.USB_CoreReset
                0x08006a10       0x30 Drivers\STM32F7xx_HAL_Driver\Src\stm32f7xx_ll_usb.o
 .text.USB_CoreInit
                0x08006a40       0x76 Drivers\STM32F7xx_HAL_Driver\Src\stm32f7xx_ll_usb.o
                0x08006a40                USB_CoreInit
 .text.USB_EnableGlobalInt
                0x08006ab6        0xc Drivers\STM32F7xx_HAL_Driver\Src\stm32f7xx_ll_usb.o
                0x08006ab6                USB_EnableGlobalInt
 .text.USB_DisableGlobalInt
                0x08006ac2        0xc Drivers\STM32F7xx_HAL_Driver\Src\stm32f7xx_ll_usb.o
                0x08006ac2                USB_DisableGlobalInt
 .text.USB_SetCurrentMode
                0x08006ace       0x2e Drivers\STM32F7xx_HAL_Driver\Src\stm32f7xx_ll_usb.o
                0x08006ace                USB_SetCurrentMode
 .text.USB_FlushTxFifo
                0x08006afc       0x24 Drivers\STM32F7xx_HAL_Driver\Src\stm32f7xx_ll_usb.o
                0x08006afc                USB_FlushTxFifo
 .text.USB_FlushRxFifo
                0x08006b20       0x20 Drivers\STM32F7xx_HAL_Driver\Src\stm32f7xx_ll_usb.o
                0x08006b20                USB_FlushRxFifo
 .text.USB_WritePacket
                0x08006b40       0x28 Drivers\STM32F7xx_HAL_Driver\Src\stm32f7xx_ll_usb.o
                0x08006b40                USB_WritePacket
 .text.USB_ReadPacket
                0x08006b68       0x1c Drivers\STM32F7xx_HAL_Driver\Src\stm32f7xx_ll_usb.o
                0x08006b68                USB_ReadPacket
 .text.USB_ReadInterrupts
                0x08006b84        0x8 Drivers\STM32F7xx_HAL_Driver\Src\stm32f7xx_ll_usb.o
                0x08006b84                USB_ReadInterrupts
 .text.USB_GetMode
                0x08006b8c        0x8 Drivers\STM32F7xx_HAL_Driver\Src\stm32f7xx_ll_usb.o
                0x08006b8c                USB_GetMode
 .text.USB_InitFSLSPClkSel
                0x08006b94       0x3a Drivers\STM32F7xx_HAL_Driver\Src\stm32f7xx_ll_usb.o
                0x08006b94                USB_InitFSLSPClkSel
 .text.USB_ResetPort
                0x08006bce       0x3c Drivers\STM32F7xx_HAL_Driver\Src\stm32f7xx_ll_usb.o
                0x08006bce                USB_ResetPort
 .text.USB_DriveVbus
                0x08006c0a       0x40 Drivers\STM32F7xx_HAL_Driver\Src\stm32f7xx_ll_usb.o
                0x08006c0a                USB_DriveVbus
 *fill*         0x08006c4a        0x2 
 .text.USB_HostInit
                0x08006c4c       0xd0 Drivers\STM32F7xx_HAL_Driver\Src\stm32f7xx_ll_usb.o
                0x08006c4c                USB_HostInit
 .text.USB_GetHostSpeed
                0x08006d1c       0x16 Drivers\STM32F7xx_HAL_Driver\Src\stm32f7xx_ll_usb.o
                0x08006d1c                USB_GetHostSpeed
 .text.USB_GetCurrentFrame
                0x08006d32        0xa Drivers\STM32F7xx_HAL_Driver\Src\stm32f7xx_ll_usb.o
                0x08006d32                USB_GetCurrentFrame
 .text.USB_HC_Init
                0x08006d3c      0x112 Drivers\STM32F7xx_HAL_Driver\Src\stm32f7xx_ll_usb.o
                0x08006d3c                USB_HC_Init
 .text.USB_HC_ReadInterrupt
                0x08006e4e        0xa Drivers\STM32F7xx_HAL_Driver\Src\stm32f7xx_ll_usb.o
                0x08006e4e                USB_HC_ReadInterrupt
 .text.USB_HC_Halt
                0x08006e58       0xa4 Drivers\STM32F7xx_HAL_Driver\Src\stm32f7xx_ll_usb.o
                0x08006e58                USB_HC_Halt
 .text.USB_DoPing
                0x08006efc       0x24 Drivers\STM32F7xx_HAL_Driver\Src\stm32f7xx_ll_usb.o
                0x08006efc                USB_DoPing
 .text.USB_HC_StartXfer
                0x08006f20      0x164 Drivers\STM32F7xx_HAL_Driver\Src\stm32f7xx_ll_usb.o
                0x08006f20                USB_HC_StartXfer
 .text.USB_StopHost
                0x08007084       0x6c Drivers\STM32F7xx_HAL_Driver\Src\stm32f7xx_ll_usb.o
                0x08007084                USB_StopHost
 .text.MX_FATFS_Init
                0x080070f0       0x1c FATFS\App\fatfs.o
                0x080070f0                MX_FATFS_Init
 .text.BSP_SD_ReadBlocks_DMA
                0x0800710c       0x1c FATFS\Target\bsp_driver_sd.o
                0x0800710c                BSP_SD_ReadBlocks_DMA
 .text.BSP_SD_WriteBlocks_DMA
                0x08007128       0x1c FATFS\Target\bsp_driver_sd.o
                0x08007128                BSP_SD_WriteBlocks_DMA
 .text.BSP_SD_GetCardState
                0x08007144       0x14 FATFS\Target\bsp_driver_sd.o
                0x08007144                BSP_SD_GetCardState
 .text.BSP_SD_GetCardInfo
                0x08007158        0xc FATFS\Target\bsp_driver_sd.o
                0x08007158                BSP_SD_GetCardInfo
 .text.HAL_SD_RxCpltCallback
                0x08007164        0x8 FATFS\Target\bsp_driver_sd.o
                0x08007164                HAL_SD_RxCpltCallback
 .text.BSP_SD_IsDetected
                0x0800716c       0x1c FATFS\Target\bsp_driver_sd.o
                0x0800716c                BSP_SD_IsDetected
 .text.BSP_SD_Init
                0x08007188       0x2c FATFS\Target\bsp_driver_sd.o
                0x08007188                BSP_SD_Init
 .text.BSP_PlatformIsDetected
                0x080071b4       0x18 FATFS\Target\fatfs_platform.o
                0x080071b4                BSP_PlatformIsDetected
 .text.SD_CheckStatus.isra.0
                0x080071cc       0x20 FATFS\Target\sd_diskio.o
 .text.SD_initialize
                0x080071ec       0x4c FATFS\Target\sd_diskio.o
                0x080071ec                SD_initialize
 .text.SD_status
                0x08007238        0x4 FATFS\Target\sd_diskio.o
                0x08007238                SD_status
 .text.SD_ioctl
                0x0800723c       0x50 FATFS\Target\sd_diskio.o
                0x0800723c                SD_ioctl
 .text.SD_CheckStatusWithTimeout.constprop.2
                0x0800728c       0x26 FATFS\Target\sd_diskio.o
 *fill*         0x080072b2        0x2 
 .text.SD_write
                0x080072b4       0xbc FATFS\Target\sd_diskio.o
                0x080072b4                SD_write
 .text.SD_read  0x08007370       0xa8 FATFS\Target\sd_diskio.o
                0x08007370                SD_read
 .text.BSP_SD_ReadCpltCallback
                0x08007418       0x14 FATFS\Target\sd_diskio.o
                0x08007418                BSP_SD_ReadCpltCallback
 .text.USBH_CDC_SOFProcess
                0x0800742c        0x4 Middlewares\ST\STM32_USB_Host_Library\Class\CDC\Src\usbh_cdc.o
 .text.USBH_CDC_InterfaceDeInit
                0x08007430       0x62 Middlewares\ST\STM32_USB_Host_Library\Class\CDC\Src\usbh_cdc.o
 .text.USBH_CDC_InterfaceInit
                0x08007492      0x12a Middlewares\ST\STM32_USB_Host_Library\Class\CDC\Src\usbh_cdc.o
 .text.USBH_CDC_ClassRequest
                0x080075bc       0x34 Middlewares\ST\STM32_USB_Host_Library\Class\CDC\Src\usbh_cdc.o
 .text.USBH_CDC_TransmitCallback
                0x080075f0        0x2 Middlewares\ST\STM32_USB_Host_Library\Class\CDC\Src\usbh_cdc.o
                0x080075f0                USBH_CDC_TransmitCallback
 .text.USBH_CDC_ReceiveCallback
                0x080075f2        0x2 Middlewares\ST\STM32_USB_Host_Library\Class\CDC\Src\usbh_cdc.o
                0x080075f2                USBH_CDC_ReceiveCallback
 .text.USBH_CDC_LineCodingChanged
                0x080075f4        0x2 Middlewares\ST\STM32_USB_Host_Library\Class\CDC\Src\usbh_cdc.o
                0x080075f4                USBH_CDC_LineCodingChanged
 .text.USBH_CDC_Process
                0x080075f6      0x19c Middlewares\ST\STM32_USB_Host_Library\Class\CDC\Src\usbh_cdc.o
 .text.DeInitStateMachine
                0x08007792       0x44 Middlewares\ST\STM32_USB_Host_Library\Core\Src\usbh_core.o
 *fill*         0x080077d6        0x2 
 .text.USBH_Init
                0x080077d8       0x68 Middlewares\ST\STM32_USB_Host_Library\Core\Src\usbh_core.o
                0x080077d8                USBH_Init
 .text.USBH_RegisterClass
                0x08007840       0x1a Middlewares\ST\STM32_USB_Host_Library\Core\Src\usbh_core.o
                0x08007840                USBH_RegisterClass
 .text.USBH_SelectInterface
                0x0800785a       0x12 Middlewares\ST\STM32_USB_Host_Library\Core\Src\usbh_core.o
                0x0800785a                USBH_SelectInterface
 .text.USBH_FindInterface
                0x0800786c       0x38 Middlewares\ST\STM32_USB_Host_Library\Core\Src\usbh_core.o
                0x0800786c                USBH_FindInterface
 .text.USBH_Start
                0x080078a4       0x14 Middlewares\ST\STM32_USB_Host_Library\Core\Src\usbh_core.o
                0x080078a4                USBH_Start
 .text.USBH_Process
                0x080078b8      0x310 Middlewares\ST\STM32_USB_Host_Library\Core\Src\usbh_core.o
                0x080078b8                USBH_Process
 .text.USBH_Process_OS
                0x08007bc8       0x20 Middlewares\ST\STM32_USB_Host_Library\Core\Src\usbh_core.o
 .text.USBH_LL_SetTimer
                0x08007be8        0x6 Middlewares\ST\STM32_USB_Host_Library\Core\Src\usbh_core.o
                0x08007be8                USBH_LL_SetTimer
 .text.USBH_LL_IncTimer
                0x08007bee       0x1c Middlewares\ST\STM32_USB_Host_Library\Core\Src\usbh_core.o
                0x08007bee                USBH_LL_IncTimer
 .text.USBH_LL_PortEnabled
                0x08007c0a        0x8 Middlewares\ST\STM32_USB_Host_Library\Core\Src\usbh_core.o
                0x08007c0a                USBH_LL_PortEnabled
 .text.USBH_LL_PortDisabled
                0x08007c12        0x8 Middlewares\ST\STM32_USB_Host_Library\Core\Src\usbh_core.o
                0x08007c12                USBH_LL_PortDisabled
 .text.USBH_LL_Connect
                0x08007c1a       0x3a Middlewares\ST\STM32_USB_Host_Library\Core\Src\usbh_core.o
                0x08007c1a                USBH_LL_Connect
 .text.USBH_LL_Disconnect
                0x08007c54       0x48 Middlewares\ST\STM32_USB_Host_Library\Core\Src\usbh_core.o
                0x08007c54                USBH_LL_Disconnect
 .text.USBH_LL_NotifyURBChange
                0x08007c9c       0x16 Middlewares\ST\STM32_USB_Host_Library\Core\Src\usbh_core.o
                0x08007c9c                USBH_LL_NotifyURBChange
 .text.USBH_CtlReq
                0x08007cb2      0x1b8 Middlewares\ST\STM32_USB_Host_Library\Core\Src\usbh_ctlreq.o
                0x08007cb2                USBH_CtlReq
 .text.USBH_GetDescriptor
                0x08007e6a       0x36 Middlewares\ST\STM32_USB_Host_Library\Core\Src\usbh_ctlreq.o
                0x08007e6a                USBH_GetDescriptor
 .text.USBH_Get_DevDesc
                0x08007ea0       0x90 Middlewares\ST\STM32_USB_Host_Library\Core\Src\usbh_ctlreq.o
                0x08007ea0                USBH_Get_DevDesc
 .text.USBH_Get_CfgDesc
                0x08007f30      0x11c Middlewares\ST\STM32_USB_Host_Library\Core\Src\usbh_ctlreq.o
                0x08007f30                USBH_Get_CfgDesc
 .text.USBH_Get_StringDesc
                0x0800804c       0x4e Middlewares\ST\STM32_USB_Host_Library\Core\Src\usbh_ctlreq.o
                0x0800804c                USBH_Get_StringDesc
 .text.USBH_SetAddress
                0x0800809a       0x1c Middlewares\ST\STM32_USB_Host_Library\Core\Src\usbh_ctlreq.o
                0x0800809a                USBH_SetAddress
 .text.USBH_SetCfg
                0x080080b6       0x1c Middlewares\ST\STM32_USB_Host_Library\Core\Src\usbh_ctlreq.o
                0x080080b6                USBH_SetCfg
 .text.USBH_SetFeature
                0x080080d2       0x1c Middlewares\ST\STM32_USB_Host_Library\Core\Src\usbh_ctlreq.o
                0x080080d2                USBH_SetFeature
 .text.USBH_ClrFeature
                0x080080ee       0x1c Middlewares\ST\STM32_USB_Host_Library\Core\Src\usbh_ctlreq.o
                0x080080ee                USBH_ClrFeature
 .text.USBH_CtlSendSetup
                0x0800810a       0x22 Middlewares\ST\STM32_USB_Host_Library\Core\Src\usbh_ioreq.o
                0x0800810a                USBH_CtlSendSetup
 .text.USBH_CtlSendData
                0x0800812c       0x2e Middlewares\ST\STM32_USB_Host_Library\Core\Src\usbh_ioreq.o
                0x0800812c                USBH_CtlSendData
 .text.USBH_CtlReceiveData
                0x0800815a       0x20 Middlewares\ST\STM32_USB_Host_Library\Core\Src\usbh_ioreq.o
                0x0800815a                USBH_CtlReceiveData
 .text.USBH_BulkSendData
                0x0800817a       0x30 Middlewares\ST\STM32_USB_Host_Library\Core\Src\usbh_ioreq.o
                0x0800817a                USBH_BulkSendData
 .text.USBH_BulkReceiveData
                0x080081aa       0x20 Middlewares\ST\STM32_USB_Host_Library\Core\Src\usbh_ioreq.o
                0x080081aa                USBH_BulkReceiveData
 .text.USBH_OpenPipe
                0x080081ca       0x1e Middlewares\ST\STM32_USB_Host_Library\Core\Src\usbh_pipes.o
                0x080081ca                USBH_OpenPipe
 .text.USBH_ClosePipe
                0x080081e8        0xa Middlewares\ST\STM32_USB_Host_Library\Core\Src\usbh_pipes.o
                0x080081e8                USBH_ClosePipe
 .text.USBH_AllocPipe
                0x080081f2       0x2e Middlewares\ST\STM32_USB_Host_Library\Core\Src\usbh_pipes.o
                0x080081f2                USBH_AllocPipe
 .text.USBH_FreePipe
                0x08008220       0x18 Middlewares\ST\STM32_USB_Host_Library\Core\Src\usbh_pipes.o
                0x08008220                USBH_FreePipe
 .text.FATFS_LinkDriverEx
                0x08008238       0x44 Middlewares\Third_Party\FatFs\src\ff_gen_drv.o
                0x08008238                FATFS_LinkDriverEx
 .text.FATFS_LinkDriver
                0x0800827c        0x6 Middlewares\Third_Party\FatFs\src\ff_gen_drv.o
                0x0800827c                FATFS_LinkDriver
 .text.osKernelStart
                0x08008282        0xa Middlewares\Third_Party\FreeRTOS\Source\CMSIS_RTOS\cmsis_os.o
                0x08008282                osKernelStart
 .text.osKernelRunning
                0x0800828c       0x10 Middlewares\Third_Party\FreeRTOS\Source\CMSIS_RTOS\cmsis_os.o
                0x0800828c                osKernelRunning
 .text.osKernelSysTick
                0x0800829c        0xe Middlewares\Third_Party\FreeRTOS\Source\CMSIS_RTOS\cmsis_os.o
                0x0800829c                osKernelSysTick
 .text.osThreadCreate
                0x080082aa       0x30 Middlewares\Third_Party\FreeRTOS\Source\CMSIS_RTOS\cmsis_os.o
                0x080082aa                osThreadCreate
 .text.osDelay  0x080082da       0x10 Middlewares\Third_Party\FreeRTOS\Source\CMSIS_RTOS\cmsis_os.o
                0x080082da                osDelay
 .text.osMessageCreate
                0x080082ea        0x8 Middlewares\Third_Party\FreeRTOS\Source\CMSIS_RTOS\cmsis_os.o
                0x080082ea                osMessageCreate
 *fill*         0x080082f2        0x2 
 .text.osMessagePut
                0x080082f4       0x50 Middlewares\Third_Party\FreeRTOS\Source\CMSIS_RTOS\cmsis_os.o
                0x080082f4                osMessagePut
 .text.osMessageGet
                0x08008344       0x74 Middlewares\Third_Party\FreeRTOS\Source\CMSIS_RTOS\cmsis_os.o
                0x08008344                osMessageGet
 .text.vListInitialise
                0x080083b8       0x16 Middlewares\Third_Party\FreeRTOS\Source\list.o
                0x080083b8                vListInitialise
 .text.vListInitialiseItem
                0x080083ce        0x6 Middlewares\Third_Party\FreeRTOS\Source\list.o
                0x080083ce                vListInitialiseItem
 .text.vListInsertEnd
                0x080083d4       0x18 Middlewares\Third_Party\FreeRTOS\Source\list.o
                0x080083d4                vListInsertEnd
 .text.vListInsert
                0x080083ec       0x2e Middlewares\Third_Party\FreeRTOS\Source\list.o
                0x080083ec                vListInsert
 .text.uxListRemove
                0x0800841a       0x22 Middlewares\Third_Party\FreeRTOS\Source\list.o
                0x0800841a                uxListRemove
 .text.prvTaskExitError
                0x0800843c       0x48 Middlewares\Third_Party\FreeRTOS\Source\portable\GCC\ARM_CM7\r0p1\port.o
 .text.unlikely.prvPortStartFirstTask
                0x08008484       0x28 Middlewares\Third_Party\FreeRTOS\Source\portable\GCC\ARM_CM7\r0p1\port.o
 .text.unlikely.vPortEnableVFP
                0x080084ac       0x14 Middlewares\Third_Party\FreeRTOS\Source\portable\GCC\ARM_CM7\r0p1\port.o
 .text.pxPortInitialiseStack
                0x080084c0       0x24 Middlewares\Third_Party\FreeRTOS\Source\portable\GCC\ARM_CM7\r0p1\port.o
                0x080084c0                pxPortInitialiseStack
 *fill*         0x080084e4        0xc 
 .text.SVC_Handler
                0x080084f0       0x24 Middlewares\Third_Party\FreeRTOS\Source\portable\GCC\ARM_CM7\r0p1\port.o
                0x080084f0                SVC_Handler
 .text.vPortEnterCritical
                0x08008514       0x4c Middlewares\Third_Party\FreeRTOS\Source\portable\GCC\ARM_CM7\r0p1\port.o
                0x08008514                vPortEnterCritical
 .text.vPortExitCritical
                0x08008560       0x2c Middlewares\Third_Party\FreeRTOS\Source\portable\GCC\ARM_CM7\r0p1\port.o
                0x08008560                vPortExitCritical
 *fill*         0x0800858c        0x4 
 .text.PendSV_Handler
                0x08008590       0x64 Middlewares\Third_Party\FreeRTOS\Source\portable\GCC\ARM_CM7\r0p1\port.o
                0x08008590                PendSV_Handler
 .text.SysTick_Handler
                0x080085f4       0x30 Middlewares\Third_Party\FreeRTOS\Source\portable\GCC\ARM_CM7\r0p1\port.o
                0x080085f4                SysTick_Handler
 .text.vPortSetupTimerInterrupt
                0x08008624       0x34 Middlewares\Third_Party\FreeRTOS\Source\portable\GCC\ARM_CM7\r0p1\port.o
                0x08008624                vPortSetupTimerInterrupt
 .text.xPortStartScheduler
                0x08008658       0xcc Middlewares\Third_Party\FreeRTOS\Source\portable\GCC\ARM_CM7\r0p1\port.o
                0x08008658                xPortStartScheduler
 .text.vPortValidateInterruptPriority
                0x08008724       0x64 Middlewares\Third_Party\FreeRTOS\Source\portable\GCC\ARM_CM7\r0p1\port.o
                0x08008724                vPortValidateInterruptPriority
 .text.unlikely.prvInsertBlockIntoFreeList
                0x08008788       0x48 Middlewares\Third_Party\FreeRTOS\Source\portable\MemMang\heap_4.o
 .text.pvPortMalloc
                0x080087d0      0x128 Middlewares\Third_Party\FreeRTOS\Source\portable\MemMang\heap_4.o
                0x080087d0                pvPortMalloc
 .text.vPortFree
                0x080088f8       0x78 Middlewares\Third_Party\FreeRTOS\Source\portable\MemMang\heap_4.o
                0x080088f8                vPortFree
 .text.prvIsQueueEmpty
                0x08008970       0x16 Middlewares\Third_Party\FreeRTOS\Source\queue.o
 .text.unlikely.prvCopyDataToQueue
                0x08008986       0x66 Middlewares\Third_Party\FreeRTOS\Source\queue.o
 .text.unlikely.prvCopyDataFromQueue
                0x080089ec       0x2a Middlewares\Third_Party\FreeRTOS\Source\queue.o
 .text.prvUnlockQueue
                0x08008a16       0x70 Middlewares\Third_Party\FreeRTOS\Source\queue.o
 *fill*         0x08008a86        0x2 
 .text.xQueueGenericReset
                0x08008a88       0x84 Middlewares\Third_Party\FreeRTOS\Source\queue.o
                0x08008a88                xQueueGenericReset
 .text.xQueueGenericCreate
                0x08008b0c       0x46 Middlewares\Third_Party\FreeRTOS\Source\queue.o
                0x08008b0c                xQueueGenericCreate
 *fill*         0x08008b52        0x2 
 .text.xQueueGenericSend
                0x08008b54      0x17c Middlewares\Third_Party\FreeRTOS\Source\queue.o
                0x08008b54                xQueueGenericSend
 .text.xQueueGenericSendFromISR
                0x08008cd0       0xd4 Middlewares\Third_Party\FreeRTOS\Source\queue.o
                0x08008cd0                xQueueGenericSendFromISR
 .text.xQueueReceive
                0x08008da4      0x154 Middlewares\Third_Party\FreeRTOS\Source\queue.o
                0x08008da4                xQueueReceive
 .text.xQueueReceiveFromISR
                0x08008ef8       0xac Middlewares\Third_Party\FreeRTOS\Source\queue.o
                0x08008ef8                xQueueReceiveFromISR
 .text.prvResetNextTaskUnblockTime
                0x08008fa4       0x24 Middlewares\Third_Party\FreeRTOS\Source\tasks.o
 .text.prvAddCurrentTaskToDelayedList
                0x08008fc8       0x8c Middlewares\Third_Party\FreeRTOS\Source\tasks.o
 .text.prvIdleTask
                0x08009054       0x70 Middlewares\Third_Party\FreeRTOS\Source\tasks.o
 .text.xTaskCreate
                0x080090c4      0x1b0 Middlewares\Third_Party\FreeRTOS\Source\tasks.o
                0x080090c4                xTaskCreate
 .text.vTaskStartScheduler
                0x08009274       0x80 Middlewares\Third_Party\FreeRTOS\Source\tasks.o
                0x08009274                vTaskStartScheduler
 .text.vTaskSuspendAll
                0x080092f4       0x10 Middlewares\Third_Party\FreeRTOS\Source\tasks.o
                0x080092f4                vTaskSuspendAll
 .text.xTaskGetTickCount
                0x08009304        0xc Middlewares\Third_Party\FreeRTOS\Source\tasks.o
                0x08009304                xTaskGetTickCount
 .text.xTaskGetTickCountFromISR
                0x08009310       0x10 Middlewares\Third_Party\FreeRTOS\Source\tasks.o
                0x08009310                xTaskGetTickCountFromISR
 .text.xTaskIncrementTick
                0x08009320      0x128 Middlewares\Third_Party\FreeRTOS\Source\tasks.o
                0x08009320                xTaskIncrementTick
 .text.xTaskResumeAll
                0x08009448       0xf4 Middlewares\Third_Party\FreeRTOS\Source\tasks.o
                0x08009448                xTaskResumeAll
 .text.vTaskDelay
                0x0800953c       0x4c Middlewares\Third_Party\FreeRTOS\Source\tasks.o
                0x0800953c                vTaskDelay
 .text.vTaskSwitchContext
                0x08009588       0xa8 Middlewares\Third_Party\FreeRTOS\Source\tasks.o
                0x08009588                vTaskSwitchContext
 .text.vTaskPlaceOnEventList
                0x08009630       0x38 Middlewares\Third_Party\FreeRTOS\Source\tasks.o
                0x08009630                vTaskPlaceOnEventList
 .text.xTaskRemoveFromEventList
                0x08009668       0x88 Middlewares\Third_Party\FreeRTOS\Source\tasks.o
                0x08009668                xTaskRemoveFromEventList
 .text.vTaskInternalSetTimeOutState
                0x080096f0       0x18 Middlewares\Third_Party\FreeRTOS\Source\tasks.o
                0x080096f0                vTaskInternalSetTimeOutState
 .text.xTaskCheckForTimeOut
                0x08009708       0x80 Middlewares\Third_Party\FreeRTOS\Source\tasks.o
                0x08009708                xTaskCheckForTimeOut
 .text.vTaskMissedYield
                0x08009788        0xc Middlewares\Third_Party\FreeRTOS\Source\tasks.o
                0x08009788                vTaskMissedYield
 .text.xTaskGetSchedulerState
                0x08009794       0x20 Middlewares\Third_Party\FreeRTOS\Source\tasks.o
                0x08009794                xTaskGetSchedulerState
 .text.xTaskPriorityDisinherit
                0x080097b4       0xa8 Middlewares\Third_Party\FreeRTOS\Source\tasks.o
                0x080097b4                xTaskPriorityDisinherit
 .text.USBH_UserProcess
                0x0800985c       0x24 USB_HOST\App\usb_host.o
 .text.MX_USB_HOST_Init
                0x08009880       0x40 USB_HOST\App\usb_host.o
                0x08009880                MX_USB_HOST_Init
 .text.HAL_HCD_MspInit
                0x080098c0       0x88 USB_HOST\Target\usbh_conf.o
                0x080098c0                HAL_HCD_MspInit
 .text.HAL_HCD_SOF_Callback
                0x08009948        0x8 USB_HOST\Target\usbh_conf.o
                0x08009948                HAL_HCD_SOF_Callback
 .text.HAL_HCD_Connect_Callback
                0x08009950        0x8 USB_HOST\Target\usbh_conf.o
                0x08009950                HAL_HCD_Connect_Callback
 .text.HAL_HCD_Disconnect_Callback
                0x08009958        0x8 USB_HOST\Target\usbh_conf.o
                0x08009958                HAL_HCD_Disconnect_Callback
 .text.HAL_HCD_HC_NotifyURBChange_Callback
                0x08009960        0x8 USB_HOST\Target\usbh_conf.o
                0x08009960                HAL_HCD_HC_NotifyURBChange_Callback
 .text.HAL_HCD_PortEnabled_Callback
                0x08009968        0x8 USB_HOST\Target\usbh_conf.o
                0x08009968                HAL_HCD_PortEnabled_Callback
 .text.HAL_HCD_PortDisabled_Callback
                0x08009970        0x8 USB_HOST\Target\usbh_conf.o
                0x08009970                HAL_HCD_PortDisabled_Callback
 .text.USBH_LL_Init
                0x08009978       0x50 USB_HOST\Target\usbh_conf.o
                0x08009978                USBH_LL_Init
 .text.USBH_LL_Start
                0x080099c8       0x1c USB_HOST\Target\usbh_conf.o
                0x080099c8                USBH_LL_Start
 .text.USBH_LL_Stop
                0x080099e4       0x1c USB_HOST\Target\usbh_conf.o
                0x080099e4                USBH_LL_Stop
 .text.USBH_LL_GetSpeed
                0x08009a00       0x1c USB_HOST\Target\usbh_conf.o
                0x08009a00                USBH_LL_GetSpeed
 .text.USBH_LL_ResetPort
                0x08009a1c       0x1c USB_HOST\Target\usbh_conf.o
                0x08009a1c                USBH_LL_ResetPort
 .text.USBH_LL_GetLastXferSize
                0x08009a38        0x8 USB_HOST\Target\usbh_conf.o
                0x08009a38                USBH_LL_GetLastXferSize
 .text.USBH_LL_OpenPipe
                0x08009a40       0x30 USB_HOST\Target\usbh_conf.o
                0x08009a40                USBH_LL_OpenPipe
 .text.USBH_LL_ClosePipe
                0x08009a70       0x1c USB_HOST\Target\usbh_conf.o
                0x08009a70                USBH_LL_ClosePipe
 .text.USBH_LL_SubmitURB
                0x08009a8c       0x34 USB_HOST\Target\usbh_conf.o
                0x08009a8c                USBH_LL_SubmitURB
 .text.USBH_LL_GetURBState
                0x08009ac0        0x8 USB_HOST\Target\usbh_conf.o
                0x08009ac0                USBH_LL_GetURBState
 .text.USBH_LL_DriverVBUS
                0x08009ac8       0x1a USB_HOST\Target\usbh_conf.o
                0x08009ac8                USBH_LL_DriverVBUS
 .text.USBH_LL_SetToggle
                0x08009ae2       0x1e USB_HOST\Target\usbh_conf.o
                0x08009ae2                USBH_LL_SetToggle
 .text.USBH_Delay
                0x08009b00        0x4 USB_HOST\Target\usbh_conf.o
                0x08009b00                USBH_Delay
 .text.MX_DriverVbusFS
                0x08009b04       0x14 USB_HOST\Target\usbh_platform.o
                0x08009b04                MX_DriverVbusFS
 .text.Reset_Handler
                0x08009b18       0x50 startup\startup_stm32f750xx.o
                0x08009b18                Reset_Handler
 .text.Default_Handler
                0x08009b68        0x2 startup\startup_stm32f750xx.o
                0x08009b68                RTC_Alarm_IRQHandler
                0x08009b68                HASH_RNG_IRQHandler
                0x08009b68                EXTI2_IRQHandler
                0x08009b68                TIM8_CC_IRQHandler
                0x08009b68                UART8_IRQHandler
                0x08009b68                SPI4_IRQHandler
                0x08009b68                TIM1_CC_IRQHandler
                0x08009b68                DMA2_Stream5_IRQHandler
                0x08009b68                DMA1_Stream5_IRQHandler
                0x08009b68                PVD_IRQHandler
                0x08009b68                TAMP_STAMP_IRQHandler
                0x08009b68                CAN2_RX1_IRQHandler
                0x08009b68                EXTI3_IRQHandler
                0x08009b68                TIM8_TRG_COM_TIM14_IRQHandler
                0x08009b68                TIM1_UP_TIM10_IRQHandler
                0x08009b68                TIM8_UP_TIM13_IRQHandler
                0x08009b68                I2C3_ER_IRQHandler
                0x08009b68                EXTI0_IRQHandler
                0x08009b68                I2C2_EV_IRQHandler
                0x08009b68                DMA1_Stream2_IRQHandler
                0x08009b68                CAN1_RX0_IRQHandler
                0x08009b68                FPU_IRQHandler
                0x08009b68                OTG_HS_WKUP_IRQHandler
                0x08009b68                LTDC_ER_IRQHandler
                0x08009b68                CAN2_SCE_IRQHandler
                0x08009b68                DMA2_Stream2_IRQHandler
                0x08009b68                SPI1_IRQHandler
                0x08009b68                TIM1_BRK_TIM9_IRQHandler
                0x08009b68                DCMI_IRQHandler
                0x08009b68                CAN2_RX0_IRQHandler
                0x08009b68                DMA2_Stream3_IRQHandler
                0x08009b68                SAI2_IRQHandler
                0x08009b68                USART6_IRQHandler
                0x08009b68                USART3_IRQHandler
                0x08009b68                CRYP_IRQHandler
                0x08009b68                CAN1_RX1_IRQHandler
                0x08009b68                UART5_IRQHandler
                0x08009b68                DMA2_Stream0_IRQHandler
                0x08009b68                TIM4_IRQHandler
                0x08009b68                QUADSPI_IRQHandler
                0x08009b68                I2C1_EV_IRQHandler
                0x08009b68                DMA1_Stream6_IRQHandler
                0x08009b68                DMA1_Stream1_IRQHandler
                0x08009b68                UART4_IRQHandler
                0x08009b68                TIM3_IRQHandler
                0x08009b68                RCC_IRQHandler
                0x08009b68                TIM8_BRK_TIM12_IRQHandler
                0x08009b68                Default_Handler
                0x08009b68                CEC_IRQHandler
                0x08009b68                EXTI15_10_IRQHandler
                0x08009b68                ADC_IRQHandler
                0x08009b68                DMA1_Stream7_IRQHandler
                0x08009b68                SPI5_IRQHandler
                0x08009b68                TIM7_IRQHandler
                0x08009b68                SDMMC1_IRQHandler
                0x08009b68                CAN2_TX_IRQHandler
                0x08009b68                TIM5_IRQHandler
                0x08009b68                DMA2_Stream7_IRQHandler
                0x08009b68                I2C3_EV_IRQHandler
                0x08009b68                EXTI9_5_IRQHandler
                0x08009b68                RTC_WKUP_IRQHandler
                0x08009b68                ETH_WKUP_IRQHandler
                0x08009b68                SPDIF_RX_IRQHandler
                0x08009b68                SPI2_IRQHandler
                0x08009b68                OTG_HS_EP1_IN_IRQHandler
                0x08009b68                DMA1_Stream0_IRQHandler
                0x08009b68                CAN1_TX_IRQHandler
                0x08009b68                EXTI4_IRQHandler
                0x08009b68                ETH_IRQHandler
                0x08009b68                OTG_HS_EP1_OUT_IRQHandler
                0x08009b68                WWDG_IRQHandler
                0x08009b68                SPI6_IRQHandler
                0x08009b68                I2C4_EV_IRQHandler
                0x08009b68                TIM2_IRQHandler
                0x08009b68                OTG_FS_WKUP_IRQHandler
                0x08009b68                TIM1_TRG_COM_TIM11_IRQHandler
                0x08009b68                OTG_HS_IRQHandler
                0x08009b68                EXTI1_IRQHandler
                0x08009b68                UART7_IRQHandler
                0x08009b68                USART2_IRQHandler
                0x08009b68                I2C2_ER_IRQHandler
                0x08009b68                DMA2_Stream1_IRQHandler
                0x08009b68                CAN1_SCE_IRQHandler
                0x08009b68                FLASH_IRQHandler
                0x08009b68                DMA2_Stream4_IRQHandler
                0x08009b68                USART1_IRQHandler
                0x08009b68                SPI3_IRQHandler
                0x08009b68                DMA1_Stream4_IRQHandler
                0x08009b68                I2C1_ER_IRQHandler
                0x08009b68                FMC_IRQHandler
                0x08009b68                LPTIM1_IRQHandler
                0x08009b68                I2C4_ER_IRQHandler
                0x08009b68                DMA2_Stream6_IRQHandler
                0x08009b68                SAI1_IRQHandler
                0x08009b68                DMA1_Stream3_IRQHandler
 *fill*         0x08009b6a        0x2 
 .text.__errno  0x08009b6c        0xc c:/program files (x86)/atollic/truestudio for stm32 9.3.0/armtools/bin/../lib/gcc/arm-atollic-eabi/6.3.1/../../../../arm-atollic-eabi/lib/armv7e-m/fpu/fpv5-sp-d16\libc_nano.a(lib_a-errno.o)
                0x08009b6c                __errno
 .text.__libc_init_array
                0x08009b78       0x48 c:/program files (x86)/atollic/truestudio for stm32 9.3.0/armtools/bin/../lib/gcc/arm-atollic-eabi/6.3.1/../../../../arm-atollic-eabi/lib/armv7e-m/fpu/fpv5-sp-d16\libc_nano.a(lib_a-init.o)
                0x08009b78                __libc_init_array
 .text.malloc   0x08009bc0       0x10 c:/program files (x86)/atollic/truestudio for stm32 9.3.0/armtools/bin/../lib/gcc/arm-atollic-eabi/6.3.1/../../../../arm-atollic-eabi/lib/armv7e-m/fpu/fpv5-sp-d16\libc_nano.a(lib_a-malloc.o)
                0x08009bc0                malloc
 .text.free     0x08009bd0       0x10 c:/program files (x86)/atollic/truestudio for stm32 9.3.0/armtools/bin/../lib/gcc/arm-atollic-eabi/6.3.1/../../../../arm-atollic-eabi/lib/armv7e-m/fpu/fpv5-sp-d16\libc_nano.a(lib_a-malloc.o)
                0x08009bd0                free
 .text.memcpy   0x08009be0       0x16 c:/program files (x86)/atollic/truestudio for stm32 9.3.0/armtools/bin/../lib/gcc/arm-atollic-eabi/6.3.1/../../../../arm-atollic-eabi/lib/armv7e-m/fpu/fpv5-sp-d16\libc_nano.a(lib_a-memcpy-stub.o)
                0x08009be0                memcpy
 .text.memset   0x08009bf6       0x10 c:/program files (x86)/atollic/truestudio for stm32 9.3.0/armtools/bin/../lib/gcc/arm-atollic-eabi/6.3.1/../../../../arm-atollic-eabi/lib/armv7e-m/fpu/fpv5-sp-d16\libc_nano.a(lib_a-memset.o)
                0x08009bf6                memset
 *fill*         0x08009c06        0x2 
 .text._free_r  0x08009c08       0x9c c:/program files (x86)/atollic/truestudio for stm32 9.3.0/armtools/bin/../lib/gcc/arm-atollic-eabi/6.3.1/../../../../arm-atollic-eabi/lib/armv7e-m/fpu/fpv5-sp-d16\libc_nano.a(lib_a-nano-freer.o)
                0x08009c08                _free_r
 .text._malloc_r
                0x08009ca4       0xbc c:/program files (x86)/atollic/truestudio for stm32 9.3.0/armtools/bin/../lib/gcc/arm-atollic-eabi/6.3.1/../../../../arm-atollic-eabi/lib/armv7e-m/fpu/fpv5-sp-d16\libc_nano.a(lib_a-nano-mallocr.o)
                0x08009ca4                _malloc_r
 .text._sbrk_r  0x08009d60       0x20 c:/program files (x86)/atollic/truestudio for stm32 9.3.0/armtools/bin/../lib/gcc/arm-atollic-eabi/6.3.1/../../../../arm-atollic-eabi/lib/armv7e-m/fpu/fpv5-sp-d16\libc_nano.a(lib_a-sbrkr.o)
                0x08009d60                _sbrk_r
 .text.__malloc_lock
                0x08009d80        0x2 c:/program files (x86)/atollic/truestudio for stm32 9.3.0/armtools/bin/../lib/gcc/arm-atollic-eabi/6.3.1/../../../../arm-atollic-eabi/lib/armv7e-m/fpu/fpv5-sp-d16\libc_nano.a(lib_a-mlock.o)
                0x08009d80                __malloc_lock
 .text.__malloc_unlock
                0x08009d82        0x2 c:/program files (x86)/atollic/truestudio for stm32 9.3.0/armtools/bin/../lib/gcc/arm-atollic-eabi/6.3.1/../../../../arm-atollic-eabi/lib/armv7e-m/fpu/fpv5-sp-d16\libc_nano.a(lib_a-mlock.o)
                0x08009d82                __malloc_unlock
 *(.glue_7)
 .glue_7        0x08009d84        0x0 linker stubs
 *(.glue_7t)
 .glue_7t       0x08009d84        0x0 linker stubs
 *(.eh_frame)
 .eh_frame      0x08009d84        0x0 c:/program files (x86)/atollic/truestudio for stm32 9.3.0/armtools/bin/../lib/gcc/arm-atollic-eabi/6.3.1/armv7e-m/fpu/fpv5-sp-d16/crtbegin.o
 *(.init)
 .init          0x08009d84        0x4 c:/program files (x86)/atollic/truestudio for stm32 9.3.0/armtools/bin/../lib/gcc/arm-atollic-eabi/6.3.1/armv7e-m/fpu/fpv5-sp-d16/crti.o
                0x08009d84                _init
 .init          0x08009d88        0x8 c:/program files (x86)/atollic/truestudio for stm32 9.3.0/armtools/bin/../lib/gcc/arm-atollic-eabi/6.3.1/armv7e-m/fpu/fpv5-sp-d16/crtn.o
 *(.fini)
 .fini          0x08009d90        0x4 c:/program files (x86)/atollic/truestudio for stm32 9.3.0/armtools/bin/../lib/gcc/arm-atollic-eabi/6.3.1/armv7e-m/fpu/fpv5-sp-d16/crti.o
                0x08009d90                _fini
 .fini          0x08009d94        0x8 c:/program files (x86)/atollic/truestudio for stm32 9.3.0/armtools/bin/../lib/gcc/arm-atollic-eabi/6.3.1/armv7e-m/fpu/fpv5-sp-d16/crtn.o
                0x08009d9c                . = ALIGN (0x4)
                0x08009d9c                _etext = .

.vfp11_veneer   0x08009d9c        0x0
 .vfp11_veneer  0x08009d9c        0x0 linker stubs

.v4_bx          0x08009d9c        0x0
 .v4_bx         0x08009d9c        0x0 linker stubs

.iplt           0x08009d9c        0x0
 .iplt          0x08009d9c        0x0 c:/program files (x86)/atollic/truestudio for stm32 9.3.0/armtools/bin/../lib/gcc/arm-atollic-eabi/6.3.1/armv7e-m/fpu/fpv5-sp-d16/crtbegin.o

.rodata         0x08009d9c       0xa0
                0x08009d9c                . = ALIGN (0x4)
 *(.rodata)
 .rodata        0x08009d9c       0x14 Core\Src\freertos.o
 .rodata        0x08009db0        0x8 FATFS\Target\sd_diskio.o
 .rodata        0x08009db8       0x1c Middlewares\ST\STM32_USB_Host_Library\Core\Src\usbh_core.o
 *(.rodata*)
 .rodata.str1.1
                0x08009dd4        0xc Core\Src\freertos.o
 .rodata.AHBPrescTable
                0x08009de0       0x10 Core\Src\system_stm32f7xx.o
                0x08009de0                AHBPrescTable
 .rodata.APBPrescTable
                0x08009df0        0x8 Core\Src\system_stm32f7xx.o
                0x08009df0                APBPrescTable
 .rodata.CSWTCH.49
                0x08009df8        0x4 Drivers\STM32F7xx_HAL_Driver\Src\stm32f7xx_hal_uart.o
 .rodata.CSWTCH.50
                0x08009dfc        0xd Drivers\STM32F7xx_HAL_Driver\Src\stm32f7xx_hal_uart.o
 *fill*         0x08009e09        0x3 
 .rodata.SD_Driver
                0x08009e0c       0x14 FATFS\Target\sd_diskio.o
                0x08009e0c                SD_Driver
 .rodata.str1.1
                0x08009e20        0x4 Middlewares\ST\STM32_USB_Host_Library\Class\CDC\Src\usbh_cdc.o
 .rodata.str1.1
                0x08009e24        0xc Middlewares\ST\STM32_USB_Host_Library\Core\Src\usbh_core.o
 .rodata.vTaskStartScheduler.str1.1
                0x08009e30        0x5 Middlewares\Third_Party\FreeRTOS\Source\tasks.o
 .rodata.CSWTCH.16
                0x08009e35        0x3 USB_HOST\Target\usbh_conf.o
 .rodata.CSWTCH.24
                0x08009e38        0x4 USB_HOST\Target\usbh_conf.o
                0x08009e3c                . = ALIGN (0x4)

.ARM.extab
 *(.ARM.extab* .gnu.linkonce.armextab.*)

.ARM            0x08009e3c        0x8
                0x08009e3c                __exidx_start = .
 *(.ARM.exidx*)
 .ARM.exidx     0x08009e3c        0x8 c:/program files (x86)/atollic/truestudio for stm32 9.3.0/armtools/bin/../lib/gcc/arm-atollic-eabi/6.3.1/armv7e-m/fpu/fpv5-sp-d16\libgcc.a(_udivmoddi4.o)
                0x08009e44                __exidx_end = .

.rel.dyn        0x08009e44        0x0
 .rel.iplt      0x08009e44        0x0 c:/program files (x86)/atollic/truestudio for stm32 9.3.0/armtools/bin/../lib/gcc/arm-atollic-eabi/6.3.1/armv7e-m/fpu/fpv5-sp-d16/crtbegin.o

.preinit_array  0x08009e44        0x0
                0x08009e44                PROVIDE (__preinit_array_start, .)
 *(.preinit_array*)
                0x08009e44                PROVIDE (__preinit_array_end, .)

.init_array     0x08009e44        0x4
                0x08009e44                PROVIDE (__init_array_start, .)
 *(SORT(.init_array.*))
 *(.init_array*)
 .init_array    0x08009e44        0x4 c:/program files (x86)/atollic/truestudio for stm32 9.3.0/armtools/bin/../lib/gcc/arm-atollic-eabi/6.3.1/armv7e-m/fpu/fpv5-sp-d16/crtbegin.o
                0x08009e48                PROVIDE (__init_array_end, .)

.fini_array     0x08009e48        0x4
                [!provide]                PROVIDE (__fini_array_start, .)
 *(SORT(.fini_array.*))
 *(.fini_array*)
 .fini_array    0x08009e48        0x4 c:/program files (x86)/atollic/truestudio for stm32 9.3.0/armtools/bin/../lib/gcc/arm-atollic-eabi/6.3.1/armv7e-m/fpu/fpv5-sp-d16/crtbegin.o
                [!provide]                PROVIDE (__fini_array_end, .)
                0x08009e4c                _sidata = LOADADDR (.data)

.data           0x20000000       0x90 load address 0x08009e4c
                0x20000000                . = ALIGN (0x4)
                0x20000000                _sdata = .
 *(.data)
 *(.data*)
 .data.SystemCoreClock
                0x20000000        0x4 Core\Src\system_stm32f7xx.o
                0x20000000                SystemCoreClock
 .data.uwTickFreq
                0x20000004        0x1 Drivers\STM32F7xx_HAL_Driver\Src\stm32f7xx_hal.o
                0x20000004                uwTickFreq
 .data.Stat     0x20000005        0x1 FATFS\Target\sd_diskio.o
 *fill*         0x20000006        0x2 
 .data.CDC_Class
                0x20000008       0x20 Middlewares\ST\STM32_USB_Host_Library\Class\CDC\Src\usbh_cdc.o
                0x20000008                CDC_Class
 .data.uxCriticalNesting
                0x20000028        0x4 Middlewares\Third_Party\FreeRTOS\Source\portable\GCC\ARM_CM7\r0p1\port.o
 .data._impure_ptr
                0x2000002c        0x4 c:/program files (x86)/atollic/truestudio for stm32 9.3.0/armtools/bin/../lib/gcc/arm-atollic-eabi/6.3.1/../../../../arm-atollic-eabi/lib/armv7e-m/fpu/fpv5-sp-d16\libc_nano.a(lib_a-impure.o)
                0x2000002c                _impure_ptr
 .data.impure_data
                0x20000030       0x60 c:/program files (x86)/atollic/truestudio for stm32 9.3.0/armtools/bin/../lib/gcc/arm-atollic-eabi/6.3.1/../../../../arm-atollic-eabi/lib/armv7e-m/fpu/fpv5-sp-d16\libc_nano.a(lib_a-impure.o)
                0x20000090                . = ALIGN (0x4)
                0x20000090                _edata = .

.igot.plt       0x20000090        0x0 load address 0x08009edc
 .igot.plt      0x20000090        0x0 c:/program files (x86)/atollic/truestudio for stm32 9.3.0/armtools/bin/../lib/gcc/arm-atollic-eabi/6.3.1/armv7e-m/fpu/fpv5-sp-d16/crtbegin.o
                0x20000090                . = ALIGN (0x4)

.bss            0x20000090     0x96c8 load address 0x08009edc
                0x20000090                _sbss = .
                0x20000090                __bss_start__ = _sbss
 *(.bss)
 .bss           0x20000090       0x1c c:/program files (x86)/atollic/truestudio for stm32 9.3.0/armtools/bin/../lib/gcc/arm-atollic-eabi/6.3.1/armv7e-m/fpu/fpv5-sp-d16/crtbegin.o
 *(.bss*)
 .bss.FMC_Initialized
                0x200000ac        0x4 Core\Src\fmc.o
 .bss.SAI2_client
                0x200000b0        0x4 Core\Src\sai.o
 .bss.heap_end.7010
                0x200000b4        0x4 Core\Src\syscalls.o
 .bss.tmpreg.11120
                0x200000b8        0x4 Drivers\STM32F7xx_HAL_Driver\Src\stm32f7xx_ll_usb.o
 .bss.SDQueueID
                0x200000bc        0x4 FATFS\Target\sd_diskio.o
 .bss.scratch   0x200000c0      0x200 FATFS\Target\sd_diskio.o
 .bss.disk      0x200002c0        0xc Middlewares\Third_Party\FatFs\src\ff_gen_drv.o
                0x200002c0                disk
 .bss.ucMaxSysCallPriority
                0x200002cc        0x1 Middlewares\Third_Party\FreeRTOS\Source\portable\GCC\ARM_CM7\r0p1\port.o
 *fill*         0x200002cd        0x3 
 .bss.ulMaxPRIGROUPValue
                0x200002d0        0x4 Middlewares\Third_Party\FreeRTOS\Source\portable\GCC\ARM_CM7\r0p1\port.o
 .bss.pxEnd     0x200002d4        0x4 Middlewares\Third_Party\FreeRTOS\Source\portable\MemMang\heap_4.o
 .bss.ucHeap    0x200002d8     0x8000 Middlewares\Third_Party\FreeRTOS\Source\portable\MemMang\heap_4.o
 .bss.xBlockAllocatedBit
                0x200082d8        0x4 Middlewares\Third_Party\FreeRTOS\Source\portable\MemMang\heap_4.o
 .bss.xFreeBytesRemaining
                0x200082dc        0x4 Middlewares\Third_Party\FreeRTOS\Source\portable\MemMang\heap_4.o
 .bss.xMinimumEverFreeBytesRemaining
                0x200082e0        0x4 Middlewares\Third_Party\FreeRTOS\Source\portable\MemMang\heap_4.o
 .bss.xStart    0x200082e4        0x8 Middlewares\Third_Party\FreeRTOS\Source\portable\MemMang\heap_4.o
 .bss.pxCurrentTCB
                0x200082ec        0x4 Middlewares\Third_Party\FreeRTOS\Source\tasks.o
                0x200082ec                pxCurrentTCB
 .bss.pxDelayedTaskList
                0x200082f0        0x4 Middlewares\Third_Party\FreeRTOS\Source\tasks.o
 .bss.pxOverflowDelayedTaskList
                0x200082f4        0x4 Middlewares\Third_Party\FreeRTOS\Source\tasks.o
 .bss.pxReadyTasksLists
                0x200082f8       0x8c Middlewares\Third_Party\FreeRTOS\Source\tasks.o
 .bss.uxCurrentNumberOfTasks
                0x20008384        0x4 Middlewares\Third_Party\FreeRTOS\Source\tasks.o
 .bss.uxDeletedTasksWaitingCleanUp
                0x20008388        0x4 Middlewares\Third_Party\FreeRTOS\Source\tasks.o
 .bss.uxPendedTicks
                0x2000838c        0x4 Middlewares\Third_Party\FreeRTOS\Source\tasks.o
 .bss.uxSchedulerSuspended
                0x20008390        0x4 Middlewares\Third_Party\FreeRTOS\Source\tasks.o
 .bss.uxTaskNumber
                0x20008394        0x4 Middlewares\Third_Party\FreeRTOS\Source\tasks.o
 .bss.uxTopReadyPriority
                0x20008398        0x4 Middlewares\Third_Party\FreeRTOS\Source\tasks.o
 .bss.xDelayedTaskList1
                0x2000839c       0x14 Middlewares\Third_Party\FreeRTOS\Source\tasks.o
 .bss.xDelayedTaskList2
                0x200083b0       0x14 Middlewares\Third_Party\FreeRTOS\Source\tasks.o
 .bss.xIdleTaskHandle
                0x200083c4        0x4 Middlewares\Third_Party\FreeRTOS\Source\tasks.o
 .bss.xNextTaskUnblockTime
                0x200083c8        0x4 Middlewares\Third_Party\FreeRTOS\Source\tasks.o
 .bss.xNumOfOverflows
                0x200083cc        0x4 Middlewares\Third_Party\FreeRTOS\Source\tasks.o
 .bss.xPendingReadyList
                0x200083d0       0x14 Middlewares\Third_Party\FreeRTOS\Source\tasks.o
 .bss.xSchedulerRunning
                0x200083e4        0x4 Middlewares\Third_Party\FreeRTOS\Source\tasks.o
 .bss.xSuspendedTaskList
                0x200083e8       0x14 Middlewares\Third_Party\FreeRTOS\Source\tasks.o
 .bss.xTasksWaitingTermination
                0x200083fc       0x14 Middlewares\Third_Party\FreeRTOS\Source\tasks.o
 .bss.xTickCount
                0x20008410        0x4 Middlewares\Third_Party\FreeRTOS\Source\tasks.o
 .bss.xYieldPending
                0x20008414        0x4 Middlewares\Third_Party\FreeRTOS\Source\tasks.o
 .bss.Appli_state
                0x20008418        0x1 USB_HOST\App\usb_host.o
                0x20008418                Appli_state
 *fill*         0x20008419        0x3 
 .bss.__malloc_free_list
                0x2000841c        0x4 c:/program files (x86)/atollic/truestudio for stm32 9.3.0/armtools/bin/../lib/gcc/arm-atollic-eabi/6.3.1/../../../../arm-atollic-eabi/lib/armv7e-m/fpu/fpv5-sp-d16\libc_nano.a(lib_a-nano-mallocr.o)
                0x2000841c                __malloc_free_list
 .bss.__malloc_sbrk_start
                0x20008420        0x4 c:/program files (x86)/atollic/truestudio for stm32 9.3.0/armtools/bin/../lib/gcc/arm-atollic-eabi/6.3.1/../../../../arm-atollic-eabi/lib/armv7e-m/fpu/fpv5-sp-d16\libc_nano.a(lib_a-nano-mallocr.o)
                0x20008420                __malloc_sbrk_start
 *(COMMON)
 COMMON         0x20008424       0x48 Core\Src\adc.o
                0x20008424                hadc3
 COMMON         0x2000846c       0x24 Core\Src\crc.o
                0x2000846c                hcrc
 COMMON         0x20008490       0x50 Core\Src\dcmi.o
                0x20008490                hdcmi
 COMMON         0x200084e0       0x40 Core\Src\dma2d.o
                0x200084e0                hdma2d
 COMMON         0x20008520       0x48 Core\Src\eth.o
                0x20008520                heth
 COMMON         0x20008568       0x34 Core\Src\fmc.o
                0x20008568                hsdram1
 COMMON         0x2000859c        0x4 Core\Src\freertos.o
                0x2000859c                defaultTaskHandle
 COMMON         0x200085a0       0x98 Core\Src\i2c.o
                0x200085a0                hi2c3
                0x200085ec                hi2c1
 COMMON         0x20008638       0xa8 Core\Src\ltdc.o
                0x20008638                hltdc
 COMMON         0x200086e0       0x4c Core\Src\quadspi.o
                0x200086e0                hqspi
 COMMON         0x2000872c       0x20 Core\Src\rtc.o
                0x2000872c                hrtc
 COMMON         0x2000874c      0x108 Core\Src\sai.o
                0x2000874c                hsai_BlockB2
                0x200087d0                hsai_BlockA2
 COMMON         0x20008854       0x84 Core\Src\sdmmc.o
                0x20008854                hsd1
 COMMON         0x200088d8       0x4c Core\Src\spdifrx.o
                0x200088d8                hspdif
 COMMON         0x20008924       0x64 Core\Src\spi.o
                0x20008924                hspi2
 COMMON         0x20008988       0x40 Core\Src\stm32f7xx_hal_timebase_tim.o
                0x20008988                htim6
 COMMON         0x200089c8      0x180 Core\Src\tim.o
                0x200089c8                htim8
                0x20008a08                htim5