stm32f7xx_hal_dcmi.c:1046:13:DCMI_DMAXferCplt	8	static
stm32f7xx_hal_dcmi.c:298:13:HAL_DCMI_MspInit	0	static
stm32f7xx_hal_dcmi.c:177:19:HAL_DCMI_Init	16	static
stm32f7xx_hal_dcmi.c:314:13:HAL_DCMI_MspDeInit	0	static
stm32f7xx_hal_dcmi.c:266:19:HAL_DCMI_DeInit	8	static
stm32f7xx_hal_dcmi.c:353:19:HAL_DCMI_Start_DMA	32	static
stm32f7xx_hal_dcmi.c:436:19:HAL_DCMI_Stop	16	static
stm32f7xx_hal_dcmi.c:489:19:HAL_DCMI_Suspend	0	static
stm32f7xx_hal_dcmi.c:535:19:HAL_DCMI_Resume	0	static
stm32f7xx_hal_dcmi.c:661:13:HAL_DCMI_ErrorCallback	0	static
stm32f7xx_hal_dcmi.c:1103:13:DCMI_DMAError	8	static
stm32f7xx_hal_dcmi.c:677:13:HAL_DCMI_LineEventCallback	0	static
stm32f7xx_hal_dcmi.c:690:13:HAL_DCMI_VsyncEventCallback	0	static
stm32f7xx_hal_dcmi.c:706:13:HAL_DCMI_FrameEventCallback	0	static
stm32f7xx_hal_dcmi.c:561:6:HAL_DCMI_IRQHandler	16	static
stm32f7xx_hal_dcmi.c:746:19:HAL_DCMI_ConfigCrop	12	static
stm32f7xx_hal_dcmi.c:779:19:HAL_DCMI_DisableCrop	0	static
stm32f7xx_hal_dcmi.c:805:19:HAL_DCMI_EnableCrop	0	static
stm32f7xx_hal_dcmi.c:851:23:HAL_DCMI_GetState	0	static
stm32f7xx_hal_dcmi.c:862:10:HAL_DCMI_GetError	0	static
