stm32f7xx_hal_rtc_ex.c:141:19:HAL_RTCEx_SetTimeStamp	8	static
stm32f7xx_hal_rtc_ex.c:201:19:HAL_RTCEx_SetTimeStamp_IT	8	static
stm32f7xx_hal_rtc_ex.c:258:19:HAL_RTCEx_DeactivateTimeStamp	0	static
stm32f7xx_hal_rtc_ex.c:297:19:HAL_RTCEx_SetInternalTimeStamp	0	static
stm32f7xx_hal_rtc_ex.c:328:19:HAL_RTCEx_DeactivateInternalTimeStamp	0	static
stm32f7xx_hal_rtc_ex.c:364:19:HAL_RTCEx_GetTimeStamp	24	static
stm32f7xx_hal_rtc_ex.c:416:19:HAL_RTCEx_SetTamper	12	static
stm32f7xx_hal_rtc_ex.c:504:19:HAL_RTCEx_SetTamper_IT	12	static
stm32f7xx_hal_rtc_ex.c:615:19:HAL_RTCEx_DeactivateTamper	0	static
stm32f7xx_hal_rtc_ex.c:746:13:HAL_RTCEx_TimeStampEventCallback	0	static
stm32f7xx_hal_rtc_ex.c:762:13:HAL_RTCEx_Tamper1EventCallback	0	static
stm32f7xx_hal_rtc_ex.c:778:13:HAL_RTCEx_Tamper2EventCallback	0	static
stm32f7xx_hal_rtc_ex.c:793:13:HAL_RTCEx_Tamper3EventCallback	0	static
stm32f7xx_hal_rtc_ex.c:657:6:HAL_RTCEx_TamperTimeStampIRQHandler	8	static
stm32f7xx_hal_rtc_ex.c:810:19:HAL_RTCEx_PollForTimeStampEvent	16	static
stm32f7xx_hal_rtc_ex.c:853:19:HAL_RTCEx_PollForTamper1Event	16	static
stm32f7xx_hal_rtc_ex.c:889:19:HAL_RTCEx_PollForTamper2Event	16	static
stm32f7xx_hal_rtc_ex.c:924:19:HAL_RTCEx_PollForTamper3Event	16	static
stm32f7xx_hal_rtc_ex.c:976:19:HAL_RTCEx_SetWakeUpTimer	24	static
stm32f7xx_hal_rtc_ex.c:1049:19:HAL_RTCEx_SetWakeUpTimer_IT	24	static
stm32f7xx_hal_rtc_ex.c:1151:10:HAL_RTCEx_DeactivateWakeUpTimer	16	static
stm32f7xx_hal_rtc_ex.c:1206:10:HAL_RTCEx_GetWakeUpTimer	0	static
stm32f7xx_hal_rtc_ex.c:1250:13:HAL_RTCEx_WakeUpTimerEventCallback	0	static
stm32f7xx_hal_rtc_ex.c:1218:6:HAL_RTCEx_WakeUpTimerIRQHandler	8	static
stm32f7xx_hal_rtc_ex.c:1267:19:HAL_RTCEx_PollForWakeUpTimerEvent	16	static
stm32f7xx_hal_rtc_ex.c:1337:6:HAL_RTCEx_BKUPWrite	0	static
stm32f7xx_hal_rtc_ex.c:1360:10:HAL_RTCEx_BKUPRead	0	static
stm32f7xx_hal_rtc_ex.c:1394:19:HAL_RTCEx_SetSmoothCalib	24	static
stm32f7xx_hal_rtc_ex.c:1464:19:HAL_RTCEx_SetSynchroShift	24	static
stm32f7xx_hal_rtc_ex.c:1559:19:HAL_RTCEx_SetCalibrationOutPut	0	static
stm32f7xx_hal_rtc_ex.c:1598:19:HAL_RTCEx_DeactivateCalibrationOutPut	0	static
stm32f7xx_hal_rtc_ex.c:1628:19:HAL_RTCEx_SetRefClock	16	static
stm32f7xx_hal_rtc_ex.c:1678:19:HAL_RTCEx_DeactivateRefClock	16	static
stm32f7xx_hal_rtc_ex.c:1730:19:HAL_RTCEx_EnableBypassShadow	0	static
stm32f7xx_hal_rtc_ex.c:1763:19:HAL_RTCEx_DisableBypassShadow	0	static
stm32f7xx_hal_rtc_ex.c:1813:13:HAL_RTCEx_AlarmBEventCallback	0	static
stm32f7xx_hal_rtc_ex.c:1830:19:HAL_RTCEx_PollForAlarmBEvent	16	static
