stm32f7xx_hal_spdifrx.c:1576:26:SPDIFRX_WaitOnFlagUntilTimeout.constprop	24	static
stm32f7xx_hal_spdifrx.c:376:13:HAL_SPDIFRX_MspInit	0	static
stm32f7xx_hal_spdifrx.c:236:19:HAL_SPDIFRX_Init	8	static
stm32f7xx_hal_spdifrx.c:391:13:HAL_SPDIFRX_MspDeInit	0	static
stm32f7xx_hal_spdifrx.c:331:19:HAL_SPDIFRX_DeInit	8	static
stm32f7xx_hal_spdifrx.c:599:19:HAL_SPDIFRX_SetDataFormat	8	static
stm32f7xx_hal_spdifrx.c:698:19:HAL_SPDIFRX_ReceiveDataFlow	24	static
stm32f7xx_hal_spdifrx.c:771:19:HAL_SPDIFRX_ReceiveControlFlow	24	static
stm32f7xx_hal_spdifrx.c:842:19:HAL_SPDIFRX_ReceiveDataFlow_IT	8	static
stm32f7xx_hal_spdifrx.c:927:19:HAL_SPDIFRX_ReceiveControlFlow_IT	12	static
stm32f7xx_hal_spdifrx.c:1012:19:HAL_SPDIFRX_ReceiveDataFlow_DMA	24	static
stm32f7xx_hal_spdifrx.c:1113:19:HAL_SPDIFRX_ReceiveControlFlow_DMA	24	static
stm32f7xx_hal_spdifrx.c:1212:19:HAL_SPDIFRX_DMAStop	8	static
stm32f7xx_hal_spdifrx.c:1290:13:HAL_SPDIFRX_RxHalfCpltCallback	0	static
stm32f7xx_hal_spdifrx.c:1431:13:SPDIFRX_DMARxHalfCplt	8	static
stm32f7xx_hal_spdifrx.c:1305:13:HAL_SPDIFRX_RxCpltCallback	0	static
stm32f7xx_hal_spdifrx.c:1408:13:SPDIFRX_DMARxCplt	8	static
stm32f7xx_hal_spdifrx.c:1320:13:HAL_SPDIFRX_CxHalfCpltCallback	0	static
stm32f7xx_hal_spdifrx.c:1469:13:SPDIFRX_DMACxHalfCplt	8	static
stm32f7xx_hal_spdifrx.c:1335:13:HAL_SPDIFRX_CxCpltCallback	0	static
stm32f7xx_hal_spdifrx.c:1448:13:SPDIFRX_DMACxCplt	8	static
stm32f7xx_hal_spdifrx.c:1350:13:HAL_SPDIFRX_ErrorCallback	0	static
stm32f7xx_hal_spdifrx.c:1485:13:SPDIFRX_DMAError	8	static
stm32f7xx_hal_spdifrx.c:1241:6:HAL_SPDIFRX_IRQHandler	24	static
stm32f7xx_hal_spdifrx.c:1384:26:HAL_SPDIFRX_GetState	0	static
stm32f7xx_hal_spdifrx.c:1394:10:HAL_SPDIFRX_GetError	0	static
