stm32f7xx_hal_hcd.c:195:19:HAL_HCD_HC_Init	48	static
stm32f7xx_hal_hcd.c:243:19:HAL_HCD_HC_Halt	8	static
stm32f7xx_hal_hcd.c:294:14:HAL_HCD_MspInit	0	static
stm32f7xx_hal_hcd.c:115:19:HAL_HCD_Init	64	static
stm32f7xx_hal_hcd.c:309:14:HAL_HCD_MspDeInit	0	static
stm32f7xx_hal_hcd.c:259:19:HAL_HCD_DeInit	8	static
stm32f7xx_hal_hcd.c:361:19:HAL_HCD_HC_SubmitRequest	20	static
stm32f7xx_hal_hcd.c:603:13:HAL_HCD_SOF_Callback	0	static
stm32f7xx_hal_hcd.c:618:13:HAL_HCD_Connect_Callback	0	static
stm32f7xx_hal_hcd.c:633:13:HAL_HCD_Disconnect_Callback	0	static
stm32f7xx_hal_hcd.c:648:13:HAL_HCD_PortEnabled_Callback	0	static
stm32f7xx_hal_hcd.c:663:13:HAL_HCD_PortDisabled_Callback	0	static
stm32f7xx_hal_hcd.c:688:13:HAL_HCD_HC_NotifyURBChange_Callback	0	static
stm32f7xx_hal_hcd.c:489:6:HAL_HCD_IRQHandler	64	static
stm32f7xx_hal_hcd.c:1000:19:HAL_HCD_Start	16	static
stm32f7xx_hal_hcd.c:1015:19:HAL_HCD_Stop	8	static
stm32f7xx_hal_hcd.c:1028:19:HAL_HCD_ResetPort	0	static
stm32f7xx_hal_hcd.c:1057:18:HAL_HCD_GetState	0	static
stm32f7xx_hal_hcd.c:1076:21:HAL_HCD_HC_GetURBState	0	static
stm32f7xx_hal_hcd.c:1089:10:HAL_HCD_HC_GetXferCount	0	static
stm32f7xx_hal_hcd.c:1111:21:HAL_HCD_HC_GetState	0	static
stm32f7xx_hal_hcd.c:1121:10:HAL_HCD_GetCurrentFrame	0	static
stm32f7xx_hal_hcd.c:1131:10:HAL_HCD_GetCurrentSpeed	0	static
